[2020-03-19T08:37:26.912-0300][gc,heap] Heap region size: 1M
[2020-03-19T08:37:26.919-0300][gc     ] Using G1
[2020-03-19T08:37:26.919-0300][gc,heap,coops] Heap address: 0x00000000c0000000, size: 1024 MB, Compressed Oops mode: 32-bit
[2020-03-19T08:37:28.003-0300][gc,start     ] GC(0) Pause Young (Normal) (G1 Evacuation Pause)
[2020-03-19T08:37:28.003-0300][gc,task      ] GC(0) Using 4 workers of 4 for evacuation
[2020-03-19T08:37:28.011-0300][gc,phases    ] GC(0)   Pre Evacuate Collection Set: 0.0ms
[2020-03-19T08:37:28.011-0300][gc,phases    ] GC(0)   Evacuate Collection Set: 7.2ms
[2020-03-19T08:37:28.011-0300][gc,phases    ] GC(0)   Post Evacuate Collection Set: 0.6ms
[2020-03-19T08:37:28.011-0300][gc,phases    ] GC(0)   Other: 0.4ms
[2020-03-19T08:37:28.011-0300][gc,heap      ] GC(0) Eden regions: 51->0(44)
[2020-03-19T08:37:28.011-0300][gc,heap      ] GC(0) Survivor regions: 0->7(7)
[2020-03-19T08:37:28.011-0300][gc,heap      ] GC(0) Old regions: 0->0
[2020-03-19T08:37:28.011-0300][gc,heap      ] GC(0) Humongous regions: 0->0
[2020-03-19T08:37:28.011-0300][gc,metaspace ] GC(0) Metaspace: 15933K->15933K(1062912K)
[2020-03-19T08:37:28.011-0300][gc           ] GC(0) Pause Young (Normal) (G1 Evacuation Pause) 51M->6M(1024M) 8.373ms
[2020-03-19T08:37:28.012-0300][gc,cpu       ] GC(0) User=0.01s Sys=0.00s Real=0.01s
[2020-03-19T08:37:28.274-0300][gc,start     ] GC(1) Pause Young (Concurrent Start) (Metadata GC Threshold)
[2020-03-19T08:37:28.274-0300][gc,task      ] GC(1) Using 4 workers of 4 for evacuation
[2020-03-19T08:37:28.283-0300][gc,phases    ] GC(1)   Pre Evacuate Collection Set: 0.1ms
[2020-03-19T08:37:28.283-0300][gc,phases    ] GC(1)   Evacuate Collection Set: 8.1ms
[2020-03-19T08:37:28.283-0300][gc,phases    ] GC(1)   Post Evacuate Collection Set: 0.4ms
[2020-03-19T08:37:28.283-0300][gc,phases    ] GC(1)   Other: 0.3ms
[2020-03-19T08:37:28.283-0300][gc,heap      ] GC(1) Eden regions: 19->0(50)
[2020-03-19T08:37:28.283-0300][gc,heap      ] GC(1) Survivor regions: 7->1(7)
[2020-03-19T08:37:28.283-0300][gc,heap      ] GC(1) Old regions: 0->7
[2020-03-19T08:37:28.283-0300][gc,heap      ] GC(1) Humongous regions: 0->0
[2020-03-19T08:37:28.283-0300][gc,metaspace ] GC(1) Metaspace: 20351K->20351K(1067008K)
[2020-03-19T08:37:28.283-0300][gc           ] GC(1) Pause Young (Concurrent Start) (Metadata GC Threshold) 25M->7M(1024M) 8.921ms
[2020-03-19T08:37:28.283-0300][gc,cpu       ] GC(1) User=0.02s Sys=0.00s Real=0.00s
[2020-03-19T08:37:28.283-0300][gc           ] GC(2) Concurrent Cycle
[2020-03-19T08:37:28.283-0300][gc,marking   ] GC(2) Concurrent Clear Claimed Marks
[2020-03-19T08:37:28.283-0300][gc,marking   ] GC(2) Concurrent Clear Claimed Marks 0.057ms
[2020-03-19T08:37:28.283-0300][gc,marking   ] GC(2) Concurrent Scan Root Regions
[2020-03-19T08:37:28.284-0300][gc,marking   ] GC(2) Concurrent Scan Root Regions 0.655ms
[2020-03-19T08:37:28.284-0300][gc,marking   ] GC(2) Concurrent Mark (1.374s)
[2020-03-19T08:37:28.284-0300][gc,marking   ] GC(2) Concurrent Mark From Roots
[2020-03-19T08:37:28.284-0300][gc,task      ] GC(2) Using 1 workers of 1 for marking
[2020-03-19T08:37:28.292-0300][gc,marking   ] GC(2) Concurrent Mark From Roots 8.354ms
[2020-03-19T08:37:28.292-0300][gc,marking   ] GC(2) Concurrent Preclean
[2020-03-19T08:37:28.292-0300][gc,marking   ] GC(2) Concurrent Preclean 0.178ms
[2020-03-19T08:37:28.292-0300][gc,marking   ] GC(2) Concurrent Mark (1.374s, 1.383s) 8.630ms
[2020-03-19T08:37:28.337-0300][gc,start     ] GC(2) Pause Remark
[2020-03-19T08:37:28.339-0300][gc,stringtable] GC(2) Cleaned string and symbol table, strings: 9173 processed, 0 removed, symbols: 49530 processed, 51 removed
[2020-03-19T08:37:28.339-0300][gc            ] GC(2) Pause Remark 137M->137M(1024M) 1.913ms
[2020-03-19T08:37:28.339-0300][gc,cpu        ] GC(2) User=0.00s Sys=0.00s Real=0.00s
[2020-03-19T08:37:28.339-0300][gc,marking    ] GC(2) Concurrent Rebuild Remembered Sets
[2020-03-19T08:37:28.345-0300][gc,marking    ] GC(2) Concurrent Rebuild Remembered Sets 5.294ms
[2020-03-19T08:37:28.345-0300][gc,start      ] GC(2) Pause Cleanup
[2020-03-19T08:37:28.345-0300][gc            ] GC(2) Pause Cleanup 138M->138M(1024M) 0.153ms
[2020-03-19T08:37:28.345-0300][gc,cpu        ] GC(2) User=0.00s Sys=0.00s Real=0.00s
[2020-03-19T08:37:28.345-0300][gc,marking    ] GC(2) Concurrent Cleanup for Next Mark
[2020-03-19T08:37:28.353-0300][gc,marking    ] GC(2) Concurrent Cleanup for Next Mark 7.681ms
[2020-03-19T08:37:28.353-0300][gc            ] GC(2) Concurrent Cycle 69.786ms
[2020-03-19T08:37:28.970-0300][gc,start      ] GC(3) Pause Young (Normal) (G1 Evacuation Pause)
[2020-03-19T08:37:28.970-0300][gc,task       ] GC(3) Using 4 workers of 4 for evacuation
[2020-03-19T08:37:28.977-0300][gc,phases     ] GC(3)   Pre Evacuate Collection Set: 0.0ms
[2020-03-19T08:37:28.977-0300][gc,phases     ] GC(3)   Evacuate Collection Set: 7.0ms
[2020-03-19T08:37:28.977-0300][gc,phases     ] GC(3)   Post Evacuate Collection Set: 0.3ms
[2020-03-19T08:37:28.977-0300][gc,phases     ] GC(3)   Other: 0.2ms
[2020-03-19T08:37:28.977-0300][gc,heap       ] GC(3) Eden regions: 50->0(46)
[2020-03-19T08:37:28.977-0300][gc,heap       ] GC(3) Survivor regions: 1->5(7)
[2020-03-19T08:37:28.977-0300][gc,heap       ] GC(3) Old regions: 7->7
[2020-03-19T08:37:28.977-0300][gc,heap       ] GC(3) Humongous regions: 129->129
[2020-03-19T08:37:28.977-0300][gc,metaspace  ] GC(3) Metaspace: 29949K->29949K(1077248K)
[2020-03-19T08:37:28.977-0300][gc            ] GC(3) Pause Young (Normal) (G1 Evacuation Pause) 186M->140M(1024M) 7.531ms
[2020-03-19T08:37:28.977-0300][gc,cpu        ] GC(3) User=0.02s Sys=0.00s Real=0.01s
[2020-03-19T08:40:03.634-0300][gc,start      ] GC(4) Pause Young (Concurrent Start) (Metadata GC Threshold)
[2020-03-19T08:40:03.634-0300][gc,task       ] GC(4) Using 4 workers of 4 for evacuation
[2020-03-19T08:40:03.640-0300][gc,phases     ] GC(4)   Pre Evacuate Collection Set: 0.1ms
[2020-03-19T08:40:03.640-0300][gc,phases     ] GC(4)   Evacuate Collection Set: 5.0ms
[2020-03-19T08:40:03.640-0300][gc,phases     ] GC(4)   Post Evacuate Collection Set: 0.3ms
[2020-03-19T08:40:03.640-0300][gc,phases     ] GC(4)   Other: 0.2ms
[2020-03-19T08:40:03.640-0300][gc,heap       ] GC(4) Eden regions: 20->0(50)
[2020-03-19T08:40:03.640-0300][gc,heap       ] GC(4) Survivor regions: 5->1(7)
[2020-03-19T08:40:03.640-0300][gc,heap       ] GC(4) Old regions: 7->12
[2020-03-19T08:40:03.640-0300][gc,heap       ] GC(4) Humongous regions: 129->129
[2020-03-19T08:40:03.640-0300][gc,metaspace  ] GC(4) Metaspace: 33845K->33845K(1079296K)
[2020-03-19T08:40:03.640-0300][gc            ] GC(4) Pause Young (Concurrent Start) (Metadata GC Threshold) 160M->141M(1024M) 5.736ms
[2020-03-19T08:40:03.640-0300][gc,cpu        ] GC(4) User=0.02s Sys=0.00s Real=0.00s
[2020-03-19T08:40:03.640-0300][gc            ] GC(5) Concurrent Cycle
[2020-03-19T08:40:03.640-0300][gc,marking    ] GC(5) Concurrent Clear Claimed Marks
[2020-03-19T08:40:03.640-0300][gc,marking    ] GC(5) Concurrent Clear Claimed Marks 0.121ms
[2020-03-19T08:40:03.640-0300][gc,marking    ] GC(5) Concurrent Scan Root Regions
[2020-03-19T08:40:03.641-0300][gc,marking    ] GC(5) Concurrent Scan Root Regions 1.162ms
[2020-03-19T08:40:03.641-0300][gc,marking    ] GC(5) Concurrent Mark (156.732s)
[2020-03-19T08:40:03.641-0300][gc,marking    ] GC(5) Concurrent Mark From Roots
[2020-03-19T08:40:03.641-0300][gc,task       ] GC(5) Using 1 workers of 1 for marking
[2020-03-19T08:40:03.664-0300][gc,marking    ] GC(5) Concurrent Mark From Roots 22.498ms
[2020-03-19T08:40:03.664-0300][gc,marking    ] GC(5) Concurrent Preclean
[2020-03-19T08:40:03.664-0300][gc,marking    ] GC(5) Concurrent Preclean 0.147ms
[2020-03-19T08:40:03.664-0300][gc,marking    ] GC(5) Concurrent Mark (156.732s, 156.754s) 22.708ms
[2020-03-19T08:40:03.664-0300][gc,start      ] GC(5) Pause Remark
[2020-03-19T08:40:03.668-0300][gc,stringtable] GC(5) Cleaned string and symbol table, strings: 14867 processed, 8 removed, symbols: 78306 processed, 27 removed
[2020-03-19T08:40:03.668-0300][gc            ] GC(5) Pause Remark 143M->143M(1024M) 3.789ms
[2020-03-19T08:40:03.668-0300][gc,cpu        ] GC(5) User=0.01s Sys=0.00s Real=0.01s
[2020-03-19T08:40:03.668-0300][gc,marking    ] GC(5) Concurrent Rebuild Remembered Sets
[2020-03-19T08:40:03.677-0300][gc,marking    ] GC(5) Concurrent Rebuild Remembered Sets 9.562ms
[2020-03-19T08:40:03.678-0300][gc,start      ] GC(5) Pause Cleanup
[2020-03-19T08:40:03.678-0300][gc            ] GC(5) Pause Cleanup 144M->144M(1024M) 0.175ms
[2020-03-19T08:40:03.678-0300][gc,cpu        ] GC(5) User=0.00s Sys=0.00s Real=0.00s
[2020-03-19T08:40:03.678-0300][gc,marking    ] GC(5) Concurrent Cleanup for Next Mark
[2020-03-19T08:40:03.684-0300][gc,marking    ] GC(5) Concurrent Cleanup for Next Mark 5.990ms
[2020-03-19T08:40:03.684-0300][gc            ] GC(5) Concurrent Cycle 43.938ms
