[2020-03-18T21:46:49.504-0300][gc,heap] Heap region size: 1M
[2020-03-18T21:46:49.525-0300][gc     ] Using G1
[2020-03-18T21:46:49.525-0300][gc,heap,coops] Heap address: 0x00000000c0000000, size: 1024 MB, Compressed Oops mode: 32-bit
[2020-03-18T21:46:52.065-0300][gc,start     ] GC(0) Pause Young (Normal) (G1 Evacuation Pause)
[2020-03-18T21:46:52.066-0300][gc,task      ] GC(0) Using 4 workers of 4 for evacuation
[2020-03-18T21:46:52.075-0300][gc,phases    ] GC(0)   Pre Evacuate Collection Set: 0.0ms
[2020-03-18T21:46:52.075-0300][gc,phases    ] GC(0)   Evacuate Collection Set: 8.3ms
[2020-03-18T21:46:52.075-0300][gc,phases    ] GC(0)   Post Evacuate Collection Set: 0.6ms
[2020-03-18T21:46:52.075-0300][gc,phases    ] GC(0)   Other: 0.4ms
[2020-03-18T21:46:52.075-0300][gc,heap      ] GC(0) Eden regions: 51->0(44)
[2020-03-18T21:46:52.075-0300][gc,heap      ] GC(0) Survivor regions: 0->7(7)
[2020-03-18T21:46:52.075-0300][gc,heap      ] GC(0) Old regions: 0->0
[2020-03-18T21:46:52.075-0300][gc,heap      ] GC(0) Humongous regions: 0->0
[2020-03-18T21:46:52.075-0300][gc,metaspace ] GC(0) Metaspace: 16144K->16144K(1064960K)
[2020-03-18T21:46:52.075-0300][gc           ] GC(0) Pause Young (Normal) (G1 Evacuation Pause) 51M->6M(1024M) 9.456ms
[2020-03-18T21:46:52.075-0300][gc,cpu       ] GC(0) User=0.03s Sys=0.00s Real=0.01s
[2020-03-18T21:46:52.484-0300][gc,start     ] GC(1) Pause Young (Concurrent Start) (Metadata GC Threshold)
[2020-03-18T21:46:52.484-0300][gc,task      ] GC(1) Using 4 workers of 4 for evacuation
[2020-03-18T21:46:52.492-0300][gc,phases    ] GC(1)   Pre Evacuate Collection Set: 0.0ms
[2020-03-18T21:46:52.492-0300][gc,phases    ] GC(1)   Evacuate Collection Set: 6.8ms
[2020-03-18T21:46:52.492-0300][gc,phases    ] GC(1)   Post Evacuate Collection Set: 0.9ms
[2020-03-18T21:46:52.492-0300][gc,phases    ] GC(1)   Other: 0.2ms
[2020-03-18T21:46:52.492-0300][gc,heap      ] GC(1) Eden regions: 20->0(49)
[2020-03-18T21:46:52.492-0300][gc,heap      ] GC(1) Survivor regions: 7->2(7)
[2020-03-18T21:46:52.492-0300][gc,heap      ] GC(1) Old regions: 0->7
[2020-03-18T21:46:52.492-0300][gc,heap      ] GC(1) Humongous regions: 129->129
[2020-03-18T21:46:52.492-0300][gc,metaspace ] GC(1) Metaspace: 20592K->20592K(1067008K)
[2020-03-18T21:46:52.492-0300][gc           ] GC(1) Pause Young (Concurrent Start) (Metadata GC Threshold) 155M->137M(1024M) 8.243ms
[2020-03-18T21:46:52.492-0300][gc,cpu       ] GC(1) User=0.03s Sys=0.00s Real=0.01s
[2020-03-18T21:46:52.494-0300][gc           ] GC(2) Concurrent Cycle
[2020-03-18T21:46:52.494-0300][gc,marking   ] GC(2) Concurrent Clear Claimed Marks
[2020-03-18T21:46:52.494-0300][gc,marking   ] GC(2) Concurrent Clear Claimed Marks 0.173ms
[2020-03-18T21:46:52.494-0300][gc,marking   ] GC(2) Concurrent Scan Root Regions
[2020-03-18T21:46:52.496-0300][gc,marking   ] GC(2) Concurrent Scan Root Regions 1.945ms
[2020-03-18T21:46:52.496-0300][gc,marking   ] GC(2) Concurrent Mark (2.995s)
[2020-03-18T21:46:52.496-0300][gc,marking   ] GC(2) Concurrent Mark From Roots
[2020-03-18T21:46:52.496-0300][gc,task      ] GC(2) Using 1 workers of 1 for marking
[2020-03-18T21:46:52.512-0300][gc,marking   ] GC(2) Concurrent Mark From Roots 15.255ms
[2020-03-18T21:46:52.512-0300][gc,marking   ] GC(2) Concurrent Preclean
[2020-03-18T21:46:52.512-0300][gc,marking   ] GC(2) Concurrent Preclean 0.096ms
[2020-03-18T21:46:52.512-0300][gc,marking   ] GC(2) Concurrent Mark (2.995s, 3.010s) 15.414ms
[2020-03-18T21:46:52.512-0300][gc,start     ] GC(2) Pause Remark
[2020-03-18T21:46:52.516-0300][gc,stringtable] GC(2) Cleaned string and symbol table, strings: 9256 processed, 0 removed, symbols: 50373 processed, 52 removed
[2020-03-18T21:46:52.516-0300][gc            ] GC(2) Pause Remark 139M->139M(1024M) 4.077ms
[2020-03-18T21:46:52.516-0300][gc,cpu        ] GC(2) User=0.01s Sys=0.00s Real=0.00s
[2020-03-18T21:46:52.516-0300][gc,marking    ] GC(2) Concurrent Rebuild Remembered Sets
[2020-03-18T21:46:52.524-0300][gc,marking    ] GC(2) Concurrent Rebuild Remembered Sets 7.866ms
[2020-03-18T21:46:52.524-0300][gc,start      ] GC(2) Pause Cleanup
[2020-03-18T21:46:52.525-0300][gc            ] GC(2) Pause Cleanup 139M->139M(1024M) 0.459ms
[2020-03-18T21:46:52.525-0300][gc,cpu        ] GC(2) User=0.00s Sys=0.00s Real=0.00s
[2020-03-18T21:46:52.525-0300][gc,marking    ] GC(2) Concurrent Cleanup for Next Mark
[2020-03-18T21:46:52.537-0300][gc,marking    ] GC(2) Concurrent Cleanup for Next Mark 12.452ms
[2020-03-18T21:46:52.537-0300][gc            ] GC(2) Concurrent Cycle 43.206ms
[2020-03-18T21:46:53.571-0300][gc,start      ] GC(3) Pause Young (Concurrent Start) (G1 Evacuation Pause)
[2020-03-18T21:46:53.571-0300][gc,task       ] GC(3) Using 4 workers of 4 for evacuation
[2020-03-18T21:46:53.577-0300][gc,phases     ] GC(3)   Pre Evacuate Collection Set: 0.1ms
[2020-03-18T21:46:53.577-0300][gc,phases     ] GC(3)   Evacuate Collection Set: 5.4ms
[2020-03-18T21:46:53.577-0300][gc,phases     ] GC(3)   Post Evacuate Collection Set: 0.4ms
[2020-03-18T21:46:53.577-0300][gc,phases     ] GC(3)   Other: 0.3ms
[2020-03-18T21:46:53.577-0300][gc,heap       ] GC(3) Eden regions: 49->0(46)
[2020-03-18T21:46:53.577-0300][gc,heap       ] GC(3) Survivor regions: 2->5(7)
[2020-03-18T21:46:53.577-0300][gc,heap       ] GC(3) Old regions: 7->7
[2020-03-18T21:46:53.577-0300][gc,heap       ] GC(3) Humongous regions: 129->129
[2020-03-18T21:46:53.577-0300][gc,metaspace  ] GC(3) Metaspace: 30147K->30147K(1077248K)
[2020-03-18T21:46:53.577-0300][gc            ] GC(3) Pause Young (Concurrent Start) (G1 Evacuation Pause) 186M->140M(1024M) 6.185ms
[2020-03-18T21:46:53.577-0300][gc,cpu        ] GC(3) User=0.02s Sys=0.00s Real=0.00s
[2020-03-18T21:46:53.577-0300][gc            ] GC(4) Concurrent Cycle
[2020-03-18T21:46:53.577-0300][gc,marking    ] GC(4) Concurrent Clear Claimed Marks
[2020-03-18T21:46:53.577-0300][gc,marking    ] GC(4) Concurrent Clear Claimed Marks 0.113ms
[2020-03-18T21:46:53.577-0300][gc,marking    ] GC(4) Concurrent Scan Root Regions
[2020-03-18T21:46:53.580-0300][gc,marking    ] GC(4) Concurrent Scan Root Regions 2.973ms
[2020-03-18T21:46:53.580-0300][gc,marking    ] GC(4) Concurrent Mark (4.079s)
[2020-03-18T21:46:53.580-0300][gc,marking    ] GC(4) Concurrent Mark From Roots
[2020-03-18T21:46:53.580-0300][gc,task       ] GC(4) Using 1 workers of 1 for marking
[2020-03-18T21:46:53.590-0300][gc,marking    ] GC(4) Concurrent Mark From Roots 9.662ms
[2020-03-18T21:46:53.590-0300][gc,marking    ] GC(4) Concurrent Preclean
[2020-03-18T21:46:53.590-0300][gc,marking    ] GC(4) Concurrent Preclean 0.156ms
[2020-03-18T21:46:53.590-0300][gc,marking    ] GC(4) Concurrent Mark (4.079s, 4.089s) 9.898ms
[2020-03-18T21:46:53.595-0300][gc,start      ] GC(4) Pause Remark
[2020-03-18T21:46:53.598-0300][gc,stringtable] GC(4) Cleaned string and symbol table, strings: 14158 processed, 9 removed, symbols: 73288 processed, 25 removed
[2020-03-18T21:46:53.598-0300][gc            ] GC(4) Pause Remark 141M->141M(1024M) 2.953ms
[2020-03-18T21:46:53.598-0300][gc,cpu        ] GC(4) User=0.01s Sys=0.00s Real=0.01s
[2020-03-18T21:46:53.598-0300][gc,marking    ] GC(4) Concurrent Rebuild Remembered Sets
[2020-03-18T21:46:53.614-0300][gc,marking    ] GC(4) Concurrent Rebuild Remembered Sets 15.759ms
[2020-03-18T21:46:53.614-0300][gc,start      ] GC(4) Pause Cleanup
[2020-03-18T21:46:53.615-0300][gc            ] GC(4) Pause Cleanup 142M->142M(1024M) 0.355ms
[2020-03-18T21:46:53.615-0300][gc,cpu        ] GC(4) User=0.00s Sys=0.00s Real=0.00s
[2020-03-18T21:46:53.615-0300][gc,marking    ] GC(4) Concurrent Cleanup for Next Mark
[2020-03-18T21:46:53.628-0300][gc,marking    ] GC(4) Concurrent Cleanup for Next Mark 12.776ms
[2020-03-18T21:46:53.628-0300][gc            ] GC(4) Concurrent Cycle 50.624ms
