[2020-03-30T13:25:27.162-0300][gc,heap] Heap region size: 1M
[2020-03-30T13:25:27.169-0300][gc     ] Using G1
[2020-03-30T13:25:27.169-0300][gc,heap,coops] Heap address: 0x00000000c0000000, size: 1024 MB, Compressed Oops mode: 32-bit
[2020-03-30T13:25:28.310-0300][gc,start     ] GC(0) Pause Young (Normal) (G1 Evacuation Pause)
[2020-03-30T13:25:28.311-0300][gc,task      ] GC(0) Using 4 workers of 4 for evacuation
[2020-03-30T13:25:28.316-0300][gc,phases    ] GC(0)   Pre Evacuate Collection Set: 0.0ms
[2020-03-30T13:25:28.316-0300][gc,phases    ] GC(0)   Evacuate Collection Set: 4.6ms
[2020-03-30T13:25:28.316-0300][gc,phases    ] GC(0)   Post Evacuate Collection Set: 0.5ms
[2020-03-30T13:25:28.316-0300][gc,phases    ] GC(0)   Other: 0.3ms
[2020-03-30T13:25:28.316-0300][gc,heap      ] GC(0) Eden regions: 51->0(44)
[2020-03-30T13:25:28.316-0300][gc,heap      ] GC(0) Survivor regions: 0->7(7)
[2020-03-30T13:25:28.316-0300][gc,heap      ] GC(0) Old regions: 0->0
[2020-03-30T13:25:28.316-0300][gc,heap      ] GC(0) Humongous regions: 0->0
[2020-03-30T13:25:28.316-0300][gc,metaspace ] GC(0) Metaspace: 15891K->15891K(1062912K)
[2020-03-30T13:25:28.316-0300][gc           ] GC(0) Pause Young (Normal) (G1 Evacuation Pause) 51M->6M(1024M) 5.520ms
[2020-03-30T13:25:28.316-0300][gc,cpu       ] GC(0) User=0.02s Sys=0.01s Real=0.01s
[2020-03-30T13:25:28.594-0300][gc,start     ] GC(1) Pause Young (Concurrent Start) (Metadata GC Threshold)
[2020-03-30T13:25:28.594-0300][gc,task      ] GC(1) Using 4 workers of 4 for evacuation
[2020-03-30T13:25:28.601-0300][gc,phases    ] GC(1)   Pre Evacuate Collection Set: 0.1ms
[2020-03-30T13:25:28.601-0300][gc,phases    ] GC(1)   Evacuate Collection Set: 6.5ms
[2020-03-30T13:25:28.601-0300][gc,phases    ] GC(1)   Post Evacuate Collection Set: 0.3ms
[2020-03-30T13:25:28.601-0300][gc,phases    ] GC(1)   Other: 0.2ms
[2020-03-30T13:25:28.601-0300][gc,heap      ] GC(1) Eden regions: 18->0(49)
[2020-03-30T13:25:28.601-0300][gc,heap      ] GC(1) Survivor regions: 7->2(7)
[2020-03-30T13:25:28.601-0300][gc,heap      ] GC(1) Old regions: 0->7
[2020-03-30T13:25:28.601-0300][gc,heap      ] GC(1) Humongous regions: 0->0
[2020-03-30T13:25:28.601-0300][gc,metaspace ] GC(1) Metaspace: 20359K->20359K(1067008K)
[2020-03-30T13:25:28.601-0300][gc           ] GC(1) Pause Young (Concurrent Start) (Metadata GC Threshold) 24M->7M(1024M) 7.186ms
[2020-03-30T13:25:28.601-0300][gc,cpu       ] GC(1) User=0.02s Sys=0.00s Real=0.01s
[2020-03-30T13:25:28.601-0300][gc           ] GC(2) Concurrent Cycle
[2020-03-30T13:25:28.601-0300][gc,marking   ] GC(2) Concurrent Clear Claimed Marks
[2020-03-30T13:25:28.601-0300][gc,marking   ] GC(2) Concurrent Clear Claimed Marks 0.022ms
[2020-03-30T13:25:28.601-0300][gc,marking   ] GC(2) Concurrent Scan Root Regions
[2020-03-30T13:25:28.602-0300][gc,marking   ] GC(2) Concurrent Scan Root Regions 0.727ms
[2020-03-30T13:25:28.602-0300][gc,marking   ] GC(2) Concurrent Mark (1.442s)
[2020-03-30T13:25:28.602-0300][gc,marking   ] GC(2) Concurrent Mark From Roots
[2020-03-30T13:25:28.602-0300][gc,task      ] GC(2) Using 1 workers of 1 for marking
[2020-03-30T13:25:28.612-0300][gc,marking   ] GC(2) Concurrent Mark From Roots 10.080ms
[2020-03-30T13:25:28.612-0300][gc,marking   ] GC(2) Concurrent Preclean
[2020-03-30T13:25:28.612-0300][gc,marking   ] GC(2) Concurrent Preclean 0.091ms
[2020-03-30T13:25:28.612-0300][gc,marking   ] GC(2) Concurrent Mark (1.442s, 1.452s) 10.223ms
[2020-03-30T13:25:28.612-0300][gc,start     ] GC(2) Pause Remark
[2020-03-30T13:25:28.614-0300][gc,stringtable] GC(2) Cleaned string and symbol table, strings: 9135 processed, 0 removed, symbols: 50287 processed, 55 removed
[2020-03-30T13:25:28.615-0300][gc            ] GC(2) Pause Remark 8M->8M(1024M) 2.440ms
[2020-03-30T13:25:28.615-0300][gc,cpu        ] GC(2) User=0.01s Sys=0.00s Real=0.01s
[2020-03-30T13:25:28.615-0300][gc,marking    ] GC(2) Concurrent Rebuild Remembered Sets
[2020-03-30T13:25:28.619-0300][gc,marking    ] GC(2) Concurrent Rebuild Remembered Sets 4.462ms
[2020-03-30T13:25:28.619-0300][gc,start      ] GC(2) Pause Cleanup
[2020-03-30T13:25:28.619-0300][gc            ] GC(2) Pause Cleanup 9M->9M(1024M) 0.183ms
[2020-03-30T13:25:28.619-0300][gc,cpu        ] GC(2) User=0.00s Sys=0.00s Real=0.00s
[2020-03-30T13:25:28.619-0300][gc,marking    ] GC(2) Concurrent Cleanup for Next Mark
[2020-03-30T13:25:28.626-0300][gc,marking    ] GC(2) Concurrent Cleanup for Next Mark 6.712ms
[2020-03-30T13:25:28.626-0300][gc            ] GC(2) Concurrent Cycle 25.051ms
[2020-03-30T13:25:29.723-0300][gc,start      ] GC(3) Pause Young (Normal) (G1 Evacuation Pause)
[2020-03-30T13:25:29.723-0300][gc,task       ] GC(3) Using 4 workers of 4 for evacuation
[2020-03-30T13:25:29.728-0300][gc,phases     ] GC(3)   Pre Evacuate Collection Set: 0.0ms
[2020-03-30T13:25:29.728-0300][gc,phases     ] GC(3)   Evacuate Collection Set: 4.5ms
[2020-03-30T13:25:29.728-0300][gc,phases     ] GC(3)   Post Evacuate Collection Set: 0.4ms
[2020-03-30T13:25:29.728-0300][gc,phases     ] GC(3)   Other: 0.1ms
[2020-03-30T13:25:29.728-0300][gc,heap       ] GC(3) Eden regions: 49->0(46)
[2020-03-30T13:25:29.728-0300][gc,heap       ] GC(3) Survivor regions: 2->5(7)
[2020-03-30T13:25:29.728-0300][gc,heap       ] GC(3) Old regions: 7->7
[2020-03-30T13:25:29.728-0300][gc,heap       ] GC(3) Humongous regions: 129->129
[2020-03-30T13:25:29.728-0300][gc,metaspace  ] GC(3) Metaspace: 27882K->27882K(1075200K)
[2020-03-30T13:25:29.728-0300][gc            ] GC(3) Pause Young (Normal) (G1 Evacuation Pause) 185M->140M(1024M) 5.129ms
[2020-03-30T13:25:29.728-0300][gc,cpu        ] GC(3) User=0.01s Sys=0.00s Real=0.00s
[2020-03-30T13:25:30.186-0300][gc,start      ] GC(4) Pause Young (Concurrent Start) (Metadata GC Threshold)
[2020-03-30T13:25:30.186-0300][gc,task       ] GC(4) Using 4 workers of 4 for evacuation
[2020-03-30T13:25:30.202-0300][gc,phases     ] GC(4)   Pre Evacuate Collection Set: 0.1ms
[2020-03-30T13:25:30.202-0300][gc,phases     ] GC(4)   Evacuate Collection Set: 15.6ms
[2020-03-30T13:25:30.202-0300][gc,phases     ] GC(4)   Post Evacuate Collection Set: 0.5ms
[2020-03-30T13:25:30.202-0300][gc,phases     ] GC(4)   Other: 0.2ms
[2020-03-30T13:25:30.202-0300][gc,heap       ] GC(4) Eden regions: 29->0(49)
[2020-03-30T13:25:30.202-0300][gc,heap       ] GC(4) Survivor regions: 5->2(7)
[2020-03-30T13:25:30.202-0300][gc,heap       ] GC(4) Old regions: 7->12
[2020-03-30T13:25:30.202-0300][gc,heap       ] GC(4) Humongous regions: 129->129
[2020-03-30T13:25:30.202-0300][gc,metaspace  ] GC(4) Metaspace: 34034K->34034K(1079296K)
[2020-03-30T13:25:30.202-0300][gc            ] GC(4) Pause Young (Concurrent Start) (Metadata GC Threshold) 168M->142M(1024M) 16.482ms
[2020-03-30T13:25:30.202-0300][gc,cpu        ] GC(4) User=0.03s Sys=0.01s Real=0.02s
[2020-03-30T13:25:30.202-0300][gc            ] GC(5) Concurrent Cycle
[2020-03-30T13:25:30.202-0300][gc,marking    ] GC(5) Concurrent Clear Claimed Marks
[2020-03-30T13:25:30.202-0300][gc,marking    ] GC(5) Concurrent Clear Claimed Marks 0.109ms
[2020-03-30T13:25:30.202-0300][gc,marking    ] GC(5) Concurrent Scan Root Regions
[2020-03-30T13:25:30.205-0300][gc,marking    ] GC(5) Concurrent Scan Root Regions 2.850ms
[2020-03-30T13:25:30.205-0300][gc,marking    ] GC(5) Concurrent Mark (3.045s)
[2020-03-30T13:25:30.205-0300][gc,marking    ] GC(5) Concurrent Mark From Roots
[2020-03-30T13:25:30.205-0300][gc,task       ] GC(5) Using 1 workers of 1 for marking
[2020-03-30T13:25:30.240-0300][gc,marking    ] GC(5) Concurrent Mark From Roots 34.957ms
[2020-03-30T13:25:30.240-0300][gc,marking    ] GC(5) Concurrent Preclean
[2020-03-30T13:25:30.240-0300][gc,marking    ] GC(5) Concurrent Preclean 0.209ms
[2020-03-30T13:25:30.240-0300][gc,marking    ] GC(5) Concurrent Mark (3.045s, 3.081s) 35.248ms
[2020-03-30T13:25:30.248-0300][gc,start      ] GC(5) Pause Remark
[2020-03-30T13:25:30.253-0300][gc,stringtable] GC(5) Cleaned string and symbol table, strings: 15107 processed, 9 removed, symbols: 77976 processed, 27 removed
[2020-03-30T13:25:30.254-0300][gc            ] GC(5) Pause Remark 144M->144M(1024M) 5.546ms
[2020-03-30T13:25:30.254-0300][gc,cpu        ] GC(5) User=0.02s Sys=0.00s Real=0.01s
[2020-03-30T13:25:30.254-0300][gc,marking    ] GC(5) Concurrent Rebuild Remembered Sets
[2020-03-30T13:25:30.267-0300][gc,marking    ] GC(5) Concurrent Rebuild Remembered Sets 13.132ms
[2020-03-30T13:25:30.267-0300][gc,start      ] GC(5) Pause Cleanup
[2020-03-30T13:25:30.267-0300][gc            ] GC(5) Pause Cleanup 144M->144M(1024M) 0.179ms
[2020-03-30T13:25:30.267-0300][gc,cpu        ] GC(5) User=0.00s Sys=0.00s Real=0.00s
[2020-03-30T13:25:30.267-0300][gc,marking    ] GC(5) Concurrent Cleanup for Next Mark
[2020-03-30T13:25:30.289-0300][gc,marking    ] GC(5) Concurrent Cleanup for Next Mark 21.375ms
[2020-03-30T13:25:30.289-0300][gc            ] GC(5) Concurrent Cycle 86.687ms
[2020-03-30T13:35:29.947-0300][gc,start      ] GC(6) Pause Young (Normal) (G1 Evacuation Pause)
[2020-03-30T13:35:29.948-0300][gc,task       ] GC(6) Using 4 workers of 4 for evacuation
[2020-03-30T13:35:29.952-0300][gc,phases     ] GC(6)   Pre Evacuate Collection Set: 0.0ms
[2020-03-30T13:35:29.952-0300][gc,phases     ] GC(6)   Evacuate Collection Set: 3.4ms
[2020-03-30T13:35:29.952-0300][gc,phases     ] GC(6)   Post Evacuate Collection Set: 0.4ms
[2020-03-30T13:35:29.952-0300][gc,phases     ] GC(6)   Other: 0.2ms
[2020-03-30T13:35:29.952-0300][gc,heap       ] GC(6) Eden regions: 49->0(48)
[2020-03-30T13:35:29.952-0300][gc,heap       ] GC(6) Survivor regions: 2->3(7)
[2020-03-30T13:35:29.952-0300][gc,heap       ] GC(6) Old regions: 12->12
[2020-03-30T13:35:29.952-0300][gc,heap       ] GC(6) Humongous regions: 141->129
[2020-03-30T13:35:29.952-0300][gc,metaspace  ] GC(6) Metaspace: 37608K->37608K(1083392K)
[2020-03-30T13:35:29.952-0300][gc            ] GC(6) Pause Young (Normal) (G1 Evacuation Pause) 203M->142M(1024M) 4.132ms
[2020-03-30T13:35:29.952-0300][gc,cpu        ] GC(6) User=0.02s Sys=0.00s Real=0.00s
[2020-03-30T13:52:21.980-0300][gc,start      ] GC(7) Pause Young (Normal) (G1 Evacuation Pause)
[2020-03-30T13:52:21.980-0300][gc,task       ] GC(7) Using 4 workers of 4 for evacuation
[2020-03-30T13:52:22.021-0300][gc,mmu        ] GC(7) MMU target violated: 21.0ms (20.0ms/21.0ms)
[2020-03-30T13:52:22.022-0300][gc,phases     ] GC(7)   Pre Evacuate Collection Set: 0.1ms
[2020-03-30T13:52:22.022-0300][gc,phases     ] GC(7)   Evacuate Collection Set: 38.9ms
[2020-03-30T13:52:22.022-0300][gc,phases     ] GC(7)   Post Evacuate Collection Set: 1.9ms
[2020-03-30T13:52:22.022-0300][gc,phases     ] GC(7)   Other: 0.8ms
[2020-03-30T13:52:22.022-0300][gc,heap       ] GC(7) Eden regions: 48->0(47)
[2020-03-30T13:52:22.022-0300][gc,heap       ] GC(7) Survivor regions: 3->4(7)
[2020-03-30T13:52:22.022-0300][gc,heap       ] GC(7) Old regions: 12->12
[2020-03-30T13:52:22.022-0300][gc,heap       ] GC(7) Humongous regions: 129->129
[2020-03-30T13:52:22.022-0300][gc,metaspace  ] GC(7) Metaspace: 39182K->39182K(1085440K)
[2020-03-30T13:52:22.022-0300][gc            ] GC(7) Pause Young (Normal) (G1 Evacuation Pause) 190M->143M(1024M) 42.247ms
[2020-03-30T13:52:22.022-0300][gc,cpu        ] GC(7) User=0.09s Sys=0.00s Real=0.05s
