[2020-03-19T08:46:37.066-0300][gc,heap] Heap region size: 1M
[2020-03-19T08:46:37.073-0300][gc     ] Using G1
[2020-03-19T08:46:37.073-0300][gc,heap,coops] Heap address: 0x00000000c0000000, size: 1024 MB, Compressed Oops mode: 32-bit
[2020-03-19T08:46:38.152-0300][gc,start     ] GC(0) Pause Young (Normal) (G1 Evacuation Pause)
[2020-03-19T08:46:38.152-0300][gc,task      ] GC(0) Using 4 workers of 4 for evacuation
[2020-03-19T08:46:38.160-0300][gc,phases    ] GC(0)   Pre Evacuate Collection Set: 0.0ms
[2020-03-19T08:46:38.160-0300][gc,phases    ] GC(0)   Evacuate Collection Set: 6.6ms
[2020-03-19T08:46:38.160-0300][gc,phases    ] GC(0)   Post Evacuate Collection Set: 0.5ms
[2020-03-19T08:46:38.160-0300][gc,phases    ] GC(0)   Other: 0.4ms
[2020-03-19T08:46:38.160-0300][gc,heap      ] GC(0) Eden regions: 51->0(44)
[2020-03-19T08:46:38.160-0300][gc,heap      ] GC(0) Survivor regions: 0->7(7)
[2020-03-19T08:46:38.160-0300][gc,heap      ] GC(0) Old regions: 0->0
[2020-03-19T08:46:38.160-0300][gc,heap      ] GC(0) Humongous regions: 0->0
[2020-03-19T08:46:38.160-0300][gc,metaspace ] GC(0) Metaspace: 15893K->15893K(1062912K)
[2020-03-19T08:46:38.160-0300][gc           ] GC(0) Pause Young (Normal) (G1 Evacuation Pause) 51M->6M(1024M) 7.554ms
[2020-03-19T08:46:38.160-0300][gc,cpu       ] GC(0) User=0.02s Sys=0.00s Real=0.01s
[2020-03-19T08:46:38.423-0300][gc,start     ] GC(1) Pause Young (Concurrent Start) (Metadata GC Threshold)
[2020-03-19T08:46:38.423-0300][gc,task      ] GC(1) Using 4 workers of 4 for evacuation
[2020-03-19T08:46:38.430-0300][gc,phases    ] GC(1)   Pre Evacuate Collection Set: 0.0ms
[2020-03-19T08:46:38.430-0300][gc,phases    ] GC(1)   Evacuate Collection Set: 6.2ms
[2020-03-19T08:46:38.430-0300][gc,phases    ] GC(1)   Post Evacuate Collection Set: 0.3ms
[2020-03-19T08:46:38.430-0300][gc,phases    ] GC(1)   Other: 0.2ms
[2020-03-19T08:46:38.430-0300][gc,heap      ] GC(1) Eden regions: 19->0(50)
[2020-03-19T08:46:38.430-0300][gc,heap      ] GC(1) Survivor regions: 7->1(7)
[2020-03-19T08:46:38.430-0300][gc,heap      ] GC(1) Old regions: 0->7
[2020-03-19T08:46:38.430-0300][gc,heap      ] GC(1) Humongous regions: 0->0
[2020-03-19T08:46:38.430-0300][gc,metaspace ] GC(1) Metaspace: 20570K->20570K(1067008K)
[2020-03-19T08:46:38.430-0300][gc           ] GC(1) Pause Young (Concurrent Start) (Metadata GC Threshold) 25M->7M(1024M) 6.779ms
[2020-03-19T08:46:38.430-0300][gc,cpu       ] GC(1) User=0.02s Sys=0.00s Real=0.00s
[2020-03-19T08:46:38.430-0300][gc           ] GC(2) Concurrent Cycle
[2020-03-19T08:46:38.430-0300][gc,marking   ] GC(2) Concurrent Clear Claimed Marks
[2020-03-19T08:46:38.430-0300][gc,marking   ] GC(2) Concurrent Clear Claimed Marks 0.022ms
[2020-03-19T08:46:38.430-0300][gc,marking   ] GC(2) Concurrent Scan Root Regions
[2020-03-19T08:46:38.431-0300][gc,marking   ] GC(2) Concurrent Scan Root Regions 0.898ms
[2020-03-19T08:46:38.431-0300][gc,marking   ] GC(2) Concurrent Mark (1.368s)
[2020-03-19T08:46:38.431-0300][gc,marking   ] GC(2) Concurrent Mark From Roots
[2020-03-19T08:46:38.431-0300][gc,task      ] GC(2) Using 1 workers of 1 for marking
[2020-03-19T08:46:38.439-0300][gc,marking   ] GC(2) Concurrent Mark From Roots 8.244ms
[2020-03-19T08:46:38.439-0300][gc,marking   ] GC(2) Concurrent Preclean
[2020-03-19T08:46:38.439-0300][gc,marking   ] GC(2) Concurrent Preclean 0.102ms
[2020-03-19T08:46:38.439-0300][gc,marking   ] GC(2) Concurrent Mark (1.368s, 1.376s) 8.387ms
[2020-03-19T08:46:38.439-0300][gc,start     ] GC(2) Pause Remark
[2020-03-19T08:46:38.441-0300][gc,stringtable] GC(2) Cleaned string and symbol table, strings: 9171 processed, 0 removed, symbols: 50937 processed, 55 removed
[2020-03-19T08:46:38.441-0300][gc            ] GC(2) Pause Remark 8M->8M(1024M) 1.990ms
[2020-03-19T08:46:38.441-0300][gc,cpu        ] GC(2) User=0.01s Sys=0.00s Real=0.01s
[2020-03-19T08:46:38.441-0300][gc,marking    ] GC(2) Concurrent Rebuild Remembered Sets
[2020-03-19T08:46:38.447-0300][gc,marking    ] GC(2) Concurrent Rebuild Remembered Sets 5.492ms
[2020-03-19T08:46:38.447-0300][gc,start      ] GC(2) Pause Cleanup
[2020-03-19T08:46:38.447-0300][gc            ] GC(2) Pause Cleanup 8M->8M(1024M) 0.164ms
[2020-03-19T08:46:38.447-0300][gc,cpu        ] GC(2) User=0.00s Sys=0.00s Real=0.00s
[2020-03-19T08:46:38.447-0300][gc,marking    ] GC(2) Concurrent Cleanup for Next Mark
[2020-03-19T08:46:38.454-0300][gc,marking    ] GC(2) Concurrent Cleanup for Next Mark 7.234ms
[2020-03-19T08:46:38.454-0300][gc            ] GC(2) Concurrent Cycle 24.579ms
[2020-03-19T08:46:39.219-0300][gc,start      ] GC(3) Pause Young (Normal) (G1 Evacuation Pause)
[2020-03-19T08:46:39.219-0300][gc,task       ] GC(3) Using 4 workers of 4 for evacuation
[2020-03-19T08:46:39.227-0300][gc,phases     ] GC(3)   Pre Evacuate Collection Set: 0.0ms
[2020-03-19T08:46:39.227-0300][gc,phases     ] GC(3)   Evacuate Collection Set: 7.0ms
[2020-03-19T08:46:39.227-0300][gc,phases     ] GC(3)   Post Evacuate Collection Set: 0.7ms
[2020-03-19T08:46:39.227-0300][gc,phases     ] GC(3)   Other: 0.1ms
[2020-03-19T08:46:39.227-0300][gc,heap       ] GC(3) Eden regions: 50->0(45)
[2020-03-19T08:46:39.227-0300][gc,heap       ] GC(3) Survivor regions: 1->6(7)
[2020-03-19T08:46:39.227-0300][gc,heap       ] GC(3) Old regions: 7->7
[2020-03-19T08:46:39.227-0300][gc,heap       ] GC(3) Humongous regions: 129->129
[2020-03-19T08:46:39.227-0300][gc,metaspace  ] GC(3) Metaspace: 30339K->30339K(1077248K)
[2020-03-19T08:46:39.227-0300][gc            ] GC(3) Pause Young (Normal) (G1 Evacuation Pause) 186M->141M(1024M) 7.949ms
[2020-03-19T08:46:39.227-0300][gc,cpu        ] GC(3) User=0.03s Sys=0.00s Real=0.01s
[2020-03-19T08:46:44.296-0300][gc,start      ] GC(4) Pause Young (Concurrent Start) (Metadata GC Threshold)
[2020-03-19T08:46:44.296-0300][gc,task       ] GC(4) Using 4 workers of 4 for evacuation
[2020-03-19T08:46:44.304-0300][gc,phases     ] GC(4)   Pre Evacuate Collection Set: 0.1ms
[2020-03-19T08:46:44.304-0300][gc,phases     ] GC(4)   Evacuate Collection Set: 7.0ms
[2020-03-19T08:46:44.304-0300][gc,phases     ] GC(4)   Post Evacuate Collection Set: 0.5ms
[2020-03-19T08:46:44.304-0300][gc,phases     ] GC(4)   Other: 0.2ms
[2020-03-19T08:46:44.304-0300][gc,heap       ] GC(4) Eden regions: 19->0(49)
[2020-03-19T08:46:44.304-0300][gc,heap       ] GC(4) Survivor regions: 6->2(7)
[2020-03-19T08:46:44.304-0300][gc,heap       ] GC(4) Old regions: 7->12
[2020-03-19T08:46:44.304-0300][gc,heap       ] GC(4) Humongous regions: 129->129
[2020-03-19T08:46:44.304-0300][gc,metaspace  ] GC(4) Metaspace: 34129K->34129K(1079296K)
[2020-03-19T08:46:44.304-0300][gc            ] GC(4) Pause Young (Concurrent Start) (Metadata GC Threshold) 159M->141M(1024M) 7.864ms
[2020-03-19T08:46:44.304-0300][gc,cpu        ] GC(4) User=0.02s Sys=0.00s Real=0.01s
[2020-03-19T08:46:44.304-0300][gc            ] GC(5) Concurrent Cycle
[2020-03-19T08:46:44.304-0300][gc,marking    ] GC(5) Concurrent Clear Claimed Marks
[2020-03-19T08:46:44.304-0300][gc,marking    ] GC(5) Concurrent Clear Claimed Marks 0.161ms
[2020-03-19T08:46:44.304-0300][gc,marking    ] GC(5) Concurrent Scan Root Regions
[2020-03-19T08:46:44.305-0300][gc,marking    ] GC(5) Concurrent Scan Root Regions 1.092ms
[2020-03-19T08:46:44.305-0300][gc,marking    ] GC(5) Concurrent Mark (7.242s)
[2020-03-19T08:46:44.305-0300][gc,marking    ] GC(5) Concurrent Mark From Roots
[2020-03-19T08:46:44.305-0300][gc,task       ] GC(5) Using 1 workers of 1 for marking
[2020-03-19T08:46:44.323-0300][gc,marking    ] GC(5) Concurrent Mark From Roots 17.113ms
[2020-03-19T08:46:44.323-0300][gc,marking    ] GC(5) Concurrent Preclean
[2020-03-19T08:46:44.323-0300][gc,marking    ] GC(5) Concurrent Preclean 0.089ms
[2020-03-19T08:46:44.323-0300][gc,marking    ] GC(5) Concurrent Mark (7.242s, 7.260s) 17.262ms
[2020-03-19T08:46:44.323-0300][gc,start      ] GC(5) Pause Remark
[2020-03-19T08:46:44.326-0300][gc,stringtable] GC(5) Cleaned string and symbol table, strings: 14849 processed, 9 removed, symbols: 78452 processed, 26 removed
[2020-03-19T08:46:44.326-0300][gc            ] GC(5) Pause Remark 142M->142M(1024M) 3.605ms
[2020-03-19T08:46:44.327-0300][gc,cpu        ] GC(5) User=0.01s Sys=0.00s Real=0.00s
[2020-03-19T08:46:44.327-0300][gc,marking    ] GC(5) Concurrent Rebuild Remembered Sets
[2020-03-19T08:46:44.337-0300][gc,marking    ] GC(5) Concurrent Rebuild Remembered Sets 10.351ms
[2020-03-19T08:46:44.337-0300][gc,start      ] GC(5) Pause Cleanup
[2020-03-19T08:46:44.337-0300][gc            ] GC(5) Pause Cleanup 142M->142M(1024M) 0.107ms
[2020-03-19T08:46:44.337-0300][gc,cpu        ] GC(5) User=0.00s Sys=0.00s Real=0.00s
[2020-03-19T08:46:44.337-0300][gc,marking    ] GC(5) Concurrent Cleanup for Next Mark
[2020-03-19T08:46:44.343-0300][gc,marking    ] GC(5) Concurrent Cleanup for Next Mark 6.042ms
[2020-03-19T08:46:44.343-0300][gc            ] GC(5) Concurrent Cycle 39.043ms
[2020-03-19T08:57:24.494-0300][gc,heap,exit  ] Heap
[2020-03-19T08:57:24.494-0300][gc,heap,exit  ]  garbage-first heap   total 1048576K, used 166771K [0x00000000c0000000, 0x0000000100000000)
[2020-03-19T08:57:24.494-0300][gc,heap,exit  ]   region size 1024K, 25 young (25600K), 2 survivors (2048K)
[2020-03-19T08:57:24.494-0300][gc,heap,exit  ]  Metaspace       used 35493K, capacity 37447K, committed 37680K, reserved 1081344K
[2020-03-19T08:57:24.494-0300][gc,heap,exit  ]   class space    used 4946K, capacity 5891K, committed 6016K, reserved 1048576K
