[2020-03-23T07:17:57.030-0300][gc,heap] Heap region size: 1M
[2020-03-23T07:17:57.037-0300][gc     ] Using G1
[2020-03-23T07:17:57.037-0300][gc,heap,coops] Heap address: 0x00000000c0000000, size: 1024 MB, Compressed Oops mode: 32-bit
[2020-03-23T07:17:58.135-0300][gc,start     ] GC(0) Pause Young (Normal) (G1 Evacuation Pause)
[2020-03-23T07:17:58.136-0300][gc,task      ] GC(0) Using 4 workers of 4 for evacuation
[2020-03-23T07:17:58.142-0300][gc,phases    ] GC(0)   Pre Evacuate Collection Set: 0.0ms
[2020-03-23T07:17:58.142-0300][gc,phases    ] GC(0)   Evacuate Collection Set: 5.8ms
[2020-03-23T07:17:58.142-0300][gc,phases    ] GC(0)   Post Evacuate Collection Set: 0.5ms
[2020-03-23T07:17:58.142-0300][gc,phases    ] GC(0)   Other: 0.3ms
[2020-03-23T07:17:58.142-0300][gc,heap      ] GC(0) Eden regions: 51->0(44)
[2020-03-23T07:17:58.142-0300][gc,heap      ] GC(0) Survivor regions: 0->7(7)
[2020-03-23T07:17:58.142-0300][gc,heap      ] GC(0) Old regions: 0->0
[2020-03-23T07:17:58.142-0300][gc,heap      ] GC(0) Humongous regions: 0->0
[2020-03-23T07:17:58.142-0300][gc,metaspace ] GC(0) Metaspace: 15926K->15926K(1062912K)
[2020-03-23T07:17:58.142-0300][gc           ] GC(0) Pause Young (Normal) (G1 Evacuation Pause) 51M->6M(1024M) 6.689ms
[2020-03-23T07:17:58.142-0300][gc,cpu       ] GC(0) User=0.02s Sys=0.00s Real=0.01s
[2020-03-23T07:17:58.381-0300][gc,start     ] GC(1) Pause Young (Concurrent Start) (Metadata GC Threshold)
[2020-03-23T07:17:58.381-0300][gc,task      ] GC(1) Using 4 workers of 4 for evacuation
[2020-03-23T07:17:58.393-0300][gc,phases    ] GC(1)   Pre Evacuate Collection Set: 0.1ms
[2020-03-23T07:17:58.393-0300][gc,phases    ] GC(1)   Evacuate Collection Set: 11.3ms
[2020-03-23T07:17:58.393-0300][gc,phases    ] GC(1)   Post Evacuate Collection Set: 0.4ms
[2020-03-23T07:17:58.393-0300][gc,phases    ] GC(1)   Other: 0.2ms
[2020-03-23T07:17:58.393-0300][gc,heap      ] GC(1) Eden regions: 18->0(50)
[2020-03-23T07:17:58.393-0300][gc,heap      ] GC(1) Survivor regions: 7->1(7)
[2020-03-23T07:17:58.393-0300][gc,heap      ] GC(1) Old regions: 0->7
[2020-03-23T07:17:58.393-0300][gc,heap      ] GC(1) Humongous regions: 0->0
[2020-03-23T07:17:58.393-0300][gc,metaspace ] GC(1) Metaspace: 20356K->20356K(1067008K)
[2020-03-23T07:17:58.393-0300][gc           ] GC(1) Pause Young (Concurrent Start) (Metadata GC Threshold) 24M->7M(1024M) 12.015ms
[2020-03-23T07:17:58.393-0300][gc,cpu       ] GC(1) User=0.04s Sys=0.00s Real=0.01s
[2020-03-23T07:17:58.394-0300][gc           ] GC(2) Concurrent Cycle
[2020-03-23T07:17:58.394-0300][gc,marking   ] GC(2) Concurrent Clear Claimed Marks
[2020-03-23T07:17:58.394-0300][gc,marking   ] GC(2) Concurrent Clear Claimed Marks 0.027ms
[2020-03-23T07:17:58.394-0300][gc,marking   ] GC(2) Concurrent Scan Root Regions
[2020-03-23T07:17:58.395-0300][gc,marking   ] GC(2) Concurrent Scan Root Regions 0.907ms
[2020-03-23T07:17:58.395-0300][gc,marking   ] GC(2) Concurrent Mark (1.366s)
[2020-03-23T07:17:58.395-0300][gc,marking   ] GC(2) Concurrent Mark From Roots
[2020-03-23T07:17:58.395-0300][gc,task      ] GC(2) Using 1 workers of 1 for marking
[2020-03-23T07:17:58.402-0300][gc,marking   ] GC(2) Concurrent Mark From Roots 7.795ms
[2020-03-23T07:17:58.402-0300][gc,marking   ] GC(2) Concurrent Preclean
[2020-03-23T07:17:58.403-0300][gc,marking   ] GC(2) Concurrent Preclean 0.113ms
[2020-03-23T07:17:58.403-0300][gc,marking   ] GC(2) Concurrent Mark (1.366s, 1.374s) 7.968ms
[2020-03-23T07:17:58.403-0300][gc,start     ] GC(2) Pause Remark
[2020-03-23T07:17:58.404-0300][gc,stringtable] GC(2) Cleaned string and symbol table, strings: 9136 processed, 0 removed, symbols: 50285 processed, 55 removed
[2020-03-23T07:17:58.404-0300][gc            ] GC(2) Pause Remark 8M->8M(1024M) 1.786ms
[2020-03-23T07:17:58.404-0300][gc,cpu        ] GC(2) User=0.00s Sys=0.00s Real=0.00s
[2020-03-23T07:17:58.404-0300][gc,marking    ] GC(2) Concurrent Rebuild Remembered Sets
[2020-03-23T07:17:58.410-0300][gc,marking    ] GC(2) Concurrent Rebuild Remembered Sets 5.336ms
[2020-03-23T07:17:58.410-0300][gc,start      ] GC(2) Pause Cleanup
[2020-03-23T07:17:58.410-0300][gc            ] GC(2) Pause Cleanup 8M->8M(1024M) 0.173ms
[2020-03-23T07:17:58.410-0300][gc,cpu        ] GC(2) User=0.00s Sys=0.00s Real=0.00s
[2020-03-23T07:17:58.410-0300][gc,marking    ] GC(2) Concurrent Cleanup for Next Mark
[2020-03-23T07:17:58.417-0300][gc,marking    ] GC(2) Concurrent Cleanup for Next Mark 7.076ms
[2020-03-23T07:17:58.417-0300][gc            ] GC(2) Concurrent Cycle 23.662ms
[2020-03-23T07:17:59.462-0300][gc,start      ] GC(3) Pause Young (Normal) (G1 Evacuation Pause)
[2020-03-23T07:17:59.462-0300][gc,task       ] GC(3) Using 4 workers of 4 for evacuation
[2020-03-23T07:17:59.470-0300][gc,phases     ] GC(3)   Pre Evacuate Collection Set: 0.0ms
[2020-03-23T07:17:59.470-0300][gc,phases     ] GC(3)   Evacuate Collection Set: 7.2ms
[2020-03-23T07:17:59.470-0300][gc,phases     ] GC(3)   Post Evacuate Collection Set: 0.4ms
[2020-03-23T07:17:59.470-0300][gc,phases     ] GC(3)   Other: 0.1ms
[2020-03-23T07:17:59.470-0300][gc,heap       ] GC(3) Eden regions: 50->0(46)
[2020-03-23T07:17:59.470-0300][gc,heap       ] GC(3) Survivor regions: 1->5(7)
[2020-03-23T07:17:59.470-0300][gc,heap       ] GC(3) Old regions: 7->7
[2020-03-23T07:17:59.470-0300][gc,heap       ] GC(3) Humongous regions: 129->129
[2020-03-23T07:17:59.470-0300][gc,metaspace  ] GC(3) Metaspace: 28257K->28257K(1075200K)
[2020-03-23T07:17:59.470-0300][gc            ] GC(3) Pause Young (Normal) (G1 Evacuation Pause) 186M->140M(1024M) 7.799ms
[2020-03-23T07:17:59.470-0300][gc,cpu        ] GC(3) User=0.03s Sys=0.00s Real=0.01s
[2020-03-23T07:17:59.817-0300][gc,start      ] GC(4) Pause Young (Concurrent Start) (Metadata GC Threshold)
[2020-03-23T07:17:59.817-0300][gc,task       ] GC(4) Using 4 workers of 4 for evacuation
[2020-03-23T07:17:59.826-0300][gc,phases     ] GC(4)   Pre Evacuate Collection Set: 0.1ms
[2020-03-23T07:17:59.826-0300][gc,phases     ] GC(4)   Evacuate Collection Set: 8.5ms
[2020-03-23T07:17:59.826-0300][gc,phases     ] GC(4)   Post Evacuate Collection Set: 0.5ms
[2020-03-23T07:17:59.826-0300][gc,phases     ] GC(4)   Other: 0.6ms
[2020-03-23T07:17:59.826-0300][gc,heap       ] GC(4) Eden regions: 28->0(49)
[2020-03-23T07:17:59.826-0300][gc,heap       ] GC(4) Survivor regions: 5->2(7)
[2020-03-23T07:17:59.826-0300][gc,heap       ] GC(4) Old regions: 7->12
[2020-03-23T07:17:59.826-0300][gc,heap       ] GC(4) Humongous regions: 129->129
[2020-03-23T07:17:59.826-0300][gc,metaspace  ] GC(4) Metaspace: 33997K->33997K(1079296K)
[2020-03-23T07:17:59.826-0300][gc            ] GC(4) Pause Young (Concurrent Start) (Metadata GC Threshold) 167M->142M(1024M) 9.783ms
[2020-03-23T07:17:59.826-0300][gc,cpu        ] GC(4) User=0.03s Sys=0.00s Real=0.01s
[2020-03-23T07:17:59.826-0300][gc            ] GC(5) Concurrent Cycle
[2020-03-23T07:17:59.826-0300][gc,marking    ] GC(5) Concurrent Clear Claimed Marks
[2020-03-23T07:17:59.827-0300][gc,marking    ] GC(5) Concurrent Clear Claimed Marks 0.092ms
[2020-03-23T07:17:59.827-0300][gc,marking    ] GC(5) Concurrent Scan Root Regions
[2020-03-23T07:17:59.828-0300][gc,marking    ] GC(5) Concurrent Scan Root Regions 1.138ms
[2020-03-23T07:17:59.828-0300][gc,marking    ] GC(5) Concurrent Mark (2.800s)
[2020-03-23T07:17:59.828-0300][gc,marking    ] GC(5) Concurrent Mark From Roots
[2020-03-23T07:17:59.828-0300][gc,task       ] GC(5) Using 1 workers of 1 for marking
[2020-03-23T07:17:59.861-0300][gc,marking    ] GC(5) Concurrent Mark From Roots 33.078ms
[2020-03-23T07:17:59.861-0300][gc,marking    ] GC(5) Concurrent Preclean
[2020-03-23T07:17:59.861-0300][gc,marking    ] GC(5) Concurrent Preclean 0.154ms
[2020-03-23T07:17:59.861-0300][gc,marking    ] GC(5) Concurrent Mark (2.800s, 2.833s) 33.343ms
[2020-03-23T07:17:59.862-0300][gc,start      ] GC(5) Pause Remark
[2020-03-23T07:17:59.865-0300][gc,stringtable] GC(5) Cleaned string and symbol table, strings: 15112 processed, 9 removed, symbols: 77975 processed, 27 removed
[2020-03-23T07:17:59.865-0300][gc            ] GC(5) Pause Remark 143M->143M(1024M) 2.704ms
[2020-03-23T07:17:59.865-0300][gc,cpu        ] GC(5) User=0.01s Sys=0.00s Real=0.00s
[2020-03-23T07:17:59.865-0300][gc,marking    ] GC(5) Concurrent Rebuild Remembered Sets
[2020-03-23T07:17:59.887-0300][gc,marking    ] GC(5) Concurrent Rebuild Remembered Sets 21.814ms
[2020-03-23T07:17:59.887-0300][gc,start      ] GC(5) Pause Cleanup
[2020-03-23T07:17:59.887-0300][gc            ] GC(5) Pause Cleanup 144M->144M(1024M) 0.224ms
[2020-03-23T07:17:59.887-0300][gc,cpu        ] GC(5) User=0.00s Sys=0.00s Real=0.00s
[2020-03-23T07:17:59.888-0300][gc,marking    ] GC(5) Concurrent Cleanup for Next Mark
[2020-03-23T07:17:59.895-0300][gc,marking    ] GC(5) Concurrent Cleanup for Next Mark 7.424ms
[2020-03-23T07:17:59.895-0300][gc            ] GC(5) Concurrent Cycle 68.545ms
[2020-03-23T07:27:59.574-0300][gc,start      ] GC(6) Pause Young (Normal) (G1 Evacuation Pause)
[2020-03-23T07:27:59.574-0300][gc,task       ] GC(6) Using 4 workers of 4 for evacuation
[2020-03-23T07:27:59.591-0300][gc,phases     ] GC(6)   Pre Evacuate Collection Set: 0.1ms
[2020-03-23T07:27:59.591-0300][gc,phases     ] GC(6)   Evacuate Collection Set: 15.6ms
[2020-03-23T07:27:59.591-0300][gc,phases     ] GC(6)   Post Evacuate Collection Set: 1.1ms
[2020-03-23T07:27:59.591-0300][gc,phases     ] GC(6)   Other: 0.6ms
[2020-03-23T07:27:59.591-0300][gc,heap       ] GC(6) Eden regions: 49->0(48)
[2020-03-23T07:27:59.591-0300][gc,heap       ] GC(6) Survivor regions: 2->3(7)
[2020-03-23T07:27:59.591-0300][gc,heap       ] GC(6) Old regions: 12->12
[2020-03-23T07:27:59.591-0300][gc,heap       ] GC(6) Humongous regions: 135->129
[2020-03-23T07:27:59.591-0300][gc,metaspace  ] GC(6) Metaspace: 37647K->37647K(1083392K)
[2020-03-23T07:27:59.591-0300][gc            ] GC(6) Pause Young (Normal) (G1 Evacuation Pause) 197M->143M(1024M) 17.621ms
[2020-03-23T07:27:59.591-0300][gc,cpu        ] GC(6) User=0.06s Sys=0.00s Real=0.02s
[2020-03-23T07:48:42.442-0300][gc,start      ] GC(7) Pause Young (Normal) (G1 Evacuation Pause)
[2020-03-23T07:48:42.442-0300][gc,task       ] GC(7) Using 4 workers of 4 for evacuation
[2020-03-23T07:48:42.446-0300][gc,phases     ] GC(7)   Pre Evacuate Collection Set: 0.0ms
[2020-03-23T07:48:42.446-0300][gc,phases     ] GC(7)   Evacuate Collection Set: 3.5ms
[2020-03-23T07:48:42.446-0300][gc,phases     ] GC(7)   Post Evacuate Collection Set: 0.3ms
[2020-03-23T07:48:42.446-0300][gc,phases     ] GC(7)   Other: 0.2ms
[2020-03-23T07:48:42.446-0300][gc,heap       ] GC(7) Eden regions: 48->0(48)
[2020-03-23T07:48:42.446-0300][gc,heap       ] GC(7) Survivor regions: 3->3(7)
[2020-03-23T07:48:42.446-0300][gc,heap       ] GC(7) Old regions: 12->12
[2020-03-23T07:48:42.446-0300][gc,heap       ] GC(7) Humongous regions: 129->129
[2020-03-23T07:48:42.446-0300][gc,metaspace  ] GC(7) Metaspace: 37786K->37786K(1083392K)
[2020-03-23T07:48:42.446-0300][gc            ] GC(7) Pause Young (Normal) (G1 Evacuation Pause) 191M->143M(1024M) 4.177ms
[2020-03-23T07:48:42.446-0300][gc,cpu        ] GC(7) User=0.01s Sys=0.00s Real=0.00s
[2020-03-23T08:06:47.064-0300][gc,start      ] GC(8) Pause Young (Normal) (G1 Evacuation Pause)
[2020-03-23T08:06:47.064-0300][gc,task       ] GC(8) Using 4 workers of 4 for evacuation
[2020-03-23T08:06:47.084-0300][gc,phases     ] GC(8)   Pre Evacuate Collection Set: 0.0ms
[2020-03-23T08:06:47.084-0300][gc,phases     ] GC(8)   Evacuate Collection Set: 12.2ms
[2020-03-23T08:06:47.084-0300][gc,phases     ] GC(8)   Post Evacuate Collection Set: 6.7ms
[2020-03-23T08:06:47.084-0300][gc,phases     ] GC(8)   Other: 0.2ms
[2020-03-23T08:06:47.084-0300][gc,heap       ] GC(8) Eden regions: 48->0(47)
[2020-03-23T08:06:47.084-0300][gc,heap       ] GC(8) Survivor regions: 3->4(7)
[2020-03-23T08:06:47.084-0300][gc,heap       ] GC(8) Old regions: 12->12
[2020-03-23T08:06:47.084-0300][gc,heap       ] GC(8) Humongous regions: 129->129
[2020-03-23T08:06:47.084-0300][gc,metaspace  ] GC(8) Metaspace: 39150K->39150K(1085440K)
[2020-03-23T08:06:47.084-0300][gc            ] GC(8) Pause Young (Normal) (G1 Evacuation Pause) 191M->143M(1024M) 19.333ms
[2020-03-23T08:06:47.084-0300][gc,cpu        ] GC(8) User=0.01s Sys=0.00s Real=0.02s
[2020-03-23T08:14:35.305-0300][gc,start      ] GC(9) Pause Young (Normal) (G1 Evacuation Pause)
[2020-03-23T08:14:35.305-0300][gc,task       ] GC(9) Using 4 workers of 4 for evacuation
[2020-03-23T08:14:35.332-0300][gc,mmu        ] GC(9) MMU target violated: 21.0ms (20.0ms/21.0ms)
[2020-03-23T08:14:35.333-0300][gc,phases     ] GC(9)   Pre Evacuate Collection Set: 0.1ms
[2020-03-23T08:14:35.333-0300][gc,phases     ] GC(9)   Evacuate Collection Set: 25.5ms
[2020-03-23T08:14:35.333-0300][gc,phases     ] GC(9)   Post Evacuate Collection Set: 1.5ms
[2020-03-23T08:14:35.333-0300][gc,phases     ] GC(9)   Other: 0.9ms
[2020-03-23T08:14:35.333-0300][gc,heap       ] GC(9) Eden regions: 47->0(46)
[2020-03-23T08:14:35.333-0300][gc,heap       ] GC(9) Survivor regions: 4->5(7)
[2020-03-23T08:14:35.333-0300][gc,heap       ] GC(9) Old regions: 12->12
[2020-03-23T08:14:35.333-0300][gc,heap       ] GC(9) Humongous regions: 129->129
[2020-03-23T08:14:35.333-0300][gc,metaspace  ] GC(9) Metaspace: 40188K->40188K(1085440K)
[2020-03-23T08:14:35.333-0300][gc            ] GC(9) Pause Young (Normal) (G1 Evacuation Pause) 190M->145M(1024M) 28.049ms
[2020-03-23T08:14:35.333-0300][gc,cpu        ] GC(9) User=0.04s Sys=0.00s Real=0.03s
[2020-03-23T08:29:28.980-0300][gc,start      ] GC(10) Pause Young (Normal) (G1 Evacuation Pause)
[2020-03-23T08:29:28.989-0300][gc,task       ] GC(10) Using 4 workers of 4 for evacuation
[2020-03-23T08:29:28.999-0300][gc,phases     ] GC(10)   Pre Evacuate Collection Set: 0.0ms
[2020-03-23T08:29:28.999-0300][gc,phases     ] GC(10)   Evacuate Collection Set: 9.1ms
[2020-03-23T08:29:28.999-0300][gc,phases     ] GC(10)   Post Evacuate Collection Set: 0.6ms
[2020-03-23T08:29:28.999-0300][gc,phases     ] GC(10)   Other: 9.2ms
[2020-03-23T08:29:28.999-0300][gc,heap       ] GC(10) Eden regions: 46->0(46)
[2020-03-23T08:29:28.999-0300][gc,heap       ] GC(10) Survivor regions: 5->5(7)
[2020-03-23T08:29:28.999-0300][gc,heap       ] GC(10) Old regions: 12->13
[2020-03-23T08:29:28.999-0300][gc,heap       ] GC(10) Humongous regions: 129->129
[2020-03-23T08:29:28.999-0300][gc,metaspace  ] GC(10) Metaspace: 40558K->40558K(1085440K)
[2020-03-23T08:29:28.999-0300][gc            ] GC(10) Pause Young (Normal) (G1 Evacuation Pause) 191M->145M(1024M) 18.922ms
[2020-03-23T08:29:28.999-0300][gc,cpu        ] GC(10) User=0.04s Sys=0.01s Real=0.01s
