[2020-03-22T16:18:24.477-0300][gc,heap] Heap region size: 1M
[2020-03-22T16:18:24.484-0300][gc     ] Using G1
[2020-03-22T16:18:24.484-0300][gc,heap,coops] Heap address: 0x00000000c0000000, size: 1024 MB, Compressed Oops mode: 32-bit
[2020-03-22T16:18:25.819-0300][gc,start     ] GC(0) Pause Young (Normal) (G1 Evacuation Pause)
[2020-03-22T16:18:25.819-0300][gc,task      ] GC(0) Using 4 workers of 4 for evacuation
[2020-03-22T16:18:25.827-0300][gc,phases    ] GC(0)   Pre Evacuate Collection Set: 0.0ms
[2020-03-22T16:18:25.827-0300][gc,phases    ] GC(0)   Evacuate Collection Set: 7.0ms
[2020-03-22T16:18:25.827-0300][gc,phases    ] GC(0)   Post Evacuate Collection Set: 0.5ms
[2020-03-22T16:18:25.827-0300][gc,phases    ] GC(0)   Other: 0.6ms
[2020-03-22T16:18:25.827-0300][gc,heap      ] GC(0) Eden regions: 51->0(44)
[2020-03-22T16:18:25.827-0300][gc,heap      ] GC(0) Survivor regions: 0->7(7)
[2020-03-22T16:18:25.827-0300][gc,heap      ] GC(0) Old regions: 0->0
[2020-03-22T16:18:25.827-0300][gc,heap      ] GC(0) Humongous regions: 0->0
[2020-03-22T16:18:25.827-0300][gc,metaspace ] GC(0) Metaspace: 15898K->15898K(1062912K)
[2020-03-22T16:18:25.827-0300][gc           ] GC(0) Pause Young (Normal) (G1 Evacuation Pause) 51M->6M(1024M) 8.210ms
[2020-03-22T16:18:25.827-0300][gc,cpu       ] GC(0) User=0.03s Sys=0.00s Real=0.01s
[2020-03-22T16:18:26.199-0300][gc,start     ] GC(1) Pause Young (Concurrent Start) (Metadata GC Threshold)
[2020-03-22T16:18:26.200-0300][gc,task      ] GC(1) Using 4 workers of 4 for evacuation
[2020-03-22T16:18:26.210-0300][gc,phases    ] GC(1)   Pre Evacuate Collection Set: 0.1ms
[2020-03-22T16:18:26.210-0300][gc,phases    ] GC(1)   Evacuate Collection Set: 9.5ms
[2020-03-22T16:18:26.210-0300][gc,phases    ] GC(1)   Post Evacuate Collection Set: 0.3ms
[2020-03-22T16:18:26.210-0300][gc,phases    ] GC(1)   Other: 0.3ms
[2020-03-22T16:18:26.210-0300][gc,heap      ] GC(1) Eden regions: 18->0(50)
[2020-03-22T16:18:26.210-0300][gc,heap      ] GC(1) Survivor regions: 7->1(7)
[2020-03-22T16:18:26.210-0300][gc,heap      ] GC(1) Old regions: 0->7
[2020-03-22T16:18:26.210-0300][gc,heap      ] GC(1) Humongous regions: 0->0
[2020-03-22T16:18:26.210-0300][gc,metaspace ] GC(1) Metaspace: 20339K->20339K(1067008K)
[2020-03-22T16:18:26.210-0300][gc           ] GC(1) Pause Young (Concurrent Start) (Metadata GC Threshold) 24M->7M(1024M) 10.193ms
[2020-03-22T16:18:26.210-0300][gc,cpu       ] GC(1) User=0.02s Sys=0.00s Real=0.01s
[2020-03-22T16:18:26.210-0300][gc           ] GC(2) Concurrent Cycle
[2020-03-22T16:18:26.210-0300][gc,marking   ] GC(2) Concurrent Clear Claimed Marks
[2020-03-22T16:18:26.210-0300][gc,marking   ] GC(2) Concurrent Clear Claimed Marks 0.166ms
[2020-03-22T16:18:26.210-0300][gc,marking   ] GC(2) Concurrent Scan Root Regions
[2020-03-22T16:18:26.212-0300][gc,marking   ] GC(2) Concurrent Scan Root Regions 1.544ms
[2020-03-22T16:18:26.212-0300][gc,marking   ] GC(2) Concurrent Mark (1.737s)
[2020-03-22T16:18:26.212-0300][gc,marking   ] GC(2) Concurrent Mark From Roots
[2020-03-22T16:18:26.212-0300][gc,task      ] GC(2) Using 1 workers of 1 for marking
[2020-03-22T16:18:26.223-0300][gc,marking   ] GC(2) Concurrent Mark From Roots 11.185ms
[2020-03-22T16:18:26.223-0300][gc,marking   ] GC(2) Concurrent Preclean
[2020-03-22T16:18:26.223-0300][gc,marking   ] GC(2) Concurrent Preclean 0.101ms
[2020-03-22T16:18:26.223-0300][gc,marking   ] GC(2) Concurrent Mark (1.737s, 1.749s) 11.338ms
[2020-03-22T16:18:26.224-0300][gc,start     ] GC(2) Pause Remark
[2020-03-22T16:18:26.226-0300][gc,stringtable] GC(2) Cleaned string and symbol table, strings: 9129 processed, 0 removed, symbols: 50119 processed, 55 removed
[2020-03-22T16:18:26.226-0300][gc            ] GC(2) Pause Remark 8M->8M(1024M) 2.342ms
[2020-03-22T16:18:26.226-0300][gc,cpu        ] GC(2) User=0.01s Sys=0.00s Real=0.00s
[2020-03-22T16:18:26.226-0300][gc,marking    ] GC(2) Concurrent Rebuild Remembered Sets
[2020-03-22T16:18:26.230-0300][gc,marking    ] GC(2) Concurrent Rebuild Remembered Sets 4.233ms
[2020-03-22T16:18:26.230-0300][gc,start      ] GC(2) Pause Cleanup
[2020-03-22T16:18:26.231-0300][gc            ] GC(2) Pause Cleanup 8M->8M(1024M) 0.183ms
[2020-03-22T16:18:26.231-0300][gc,cpu        ] GC(2) User=0.00s Sys=0.00s Real=0.00s
[2020-03-22T16:18:26.231-0300][gc,marking    ] GC(2) Concurrent Cleanup for Next Mark
[2020-03-22T16:18:26.237-0300][gc,marking    ] GC(2) Concurrent Cleanup for Next Mark 6.522ms
[2020-03-22T16:18:26.237-0300][gc            ] GC(2) Concurrent Cycle 27.399ms
[2020-03-22T16:18:27.113-0300][gc,start      ] GC(3) Pause Young (Normal) (G1 Evacuation Pause)
[2020-03-22T16:18:27.113-0300][gc,task       ] GC(3) Using 4 workers of 4 for evacuation
[2020-03-22T16:18:27.121-0300][gc,phases     ] GC(3)   Pre Evacuate Collection Set: 0.0ms
[2020-03-22T16:18:27.121-0300][gc,phases     ] GC(3)   Evacuate Collection Set: 7.4ms
[2020-03-22T16:18:27.121-0300][gc,phases     ] GC(3)   Post Evacuate Collection Set: 0.4ms
[2020-03-22T16:18:27.121-0300][gc,phases     ] GC(3)   Other: 0.2ms
[2020-03-22T16:18:27.121-0300][gc,heap       ] GC(3) Eden regions: 50->0(46)
[2020-03-22T16:18:27.121-0300][gc,heap       ] GC(3) Survivor regions: 1->5(7)
[2020-03-22T16:18:27.121-0300][gc,heap       ] GC(3) Old regions: 7->7
[2020-03-22T16:18:27.121-0300][gc,heap       ] GC(3) Humongous regions: 129->129
[2020-03-22T16:18:27.121-0300][gc,metaspace  ] GC(3) Metaspace: 29913K->29913K(1075200K)
[2020-03-22T16:18:27.121-0300][gc            ] GC(3) Pause Young (Normal) (G1 Evacuation Pause) 186M->140M(1024M) 8.094ms
[2020-03-22T16:18:27.121-0300][gc,cpu        ] GC(3) User=0.02s Sys=0.00s Real=0.01s
[2020-03-22T16:18:27.437-0300][gc,start      ] GC(4) Pause Young (Concurrent Start) (Metadata GC Threshold)
[2020-03-22T16:18:27.437-0300][gc,task       ] GC(4) Using 4 workers of 4 for evacuation
[2020-03-22T16:18:27.459-0300][gc,mmu        ] GC(4) MMU target violated: 21.0ms (20.0ms/21.0ms)
[2020-03-22T16:18:27.459-0300][gc,phases     ] GC(4)   Pre Evacuate Collection Set: 0.2ms
[2020-03-22T16:18:27.459-0300][gc,phases     ] GC(4)   Evacuate Collection Set: 20.4ms
[2020-03-22T16:18:27.459-0300][gc,phases     ] GC(4)   Post Evacuate Collection Set: 0.4ms
[2020-03-22T16:18:27.459-0300][gc,phases     ] GC(4)   Other: 0.3ms
[2020-03-22T16:18:27.459-0300][gc,heap       ] GC(4) Eden regions: 19->0(49)
[2020-03-22T16:18:27.459-0300][gc,heap       ] GC(4) Survivor regions: 5->2(7)
[2020-03-22T16:18:27.459-0300][gc,heap       ] GC(4) Old regions: 7->12
[2020-03-22T16:18:27.459-0300][gc,heap       ] GC(4) Humongous regions: 129->129
[2020-03-22T16:18:27.459-0300][gc,metaspace  ] GC(4) Metaspace: 33929K->33929K(1079296K)
[2020-03-22T16:18:27.459-0300][gc            ] GC(4) Pause Young (Concurrent Start) (Metadata GC Threshold) 159M->141M(1024M) 21.482ms
[2020-03-22T16:18:27.459-0300][gc,cpu        ] GC(4) User=0.05s Sys=0.00s Real=0.03s
[2020-03-22T16:18:27.459-0300][gc            ] GC(5) Concurrent Cycle
[2020-03-22T16:18:27.459-0300][gc,marking    ] GC(5) Concurrent Clear Claimed Marks
[2020-03-22T16:18:27.459-0300][gc,marking    ] GC(5) Concurrent Clear Claimed Marks 0.103ms
[2020-03-22T16:18:27.459-0300][gc,marking    ] GC(5) Concurrent Scan Root Regions
[2020-03-22T16:18:27.460-0300][gc,marking    ] GC(5) Concurrent Scan Root Regions 1.458ms
[2020-03-22T16:18:27.460-0300][gc,marking    ] GC(5) Concurrent Mark (2.986s)
[2020-03-22T16:18:27.460-0300][gc,marking    ] GC(5) Concurrent Mark From Roots
[2020-03-22T16:18:27.460-0300][gc,task       ] GC(5) Using 1 workers of 1 for marking
[2020-03-22T16:18:27.515-0300][gc,marking    ] GC(5) Concurrent Mark From Roots 54.495ms
[2020-03-22T16:18:27.515-0300][gc,marking    ] GC(5) Concurrent Preclean
[2020-03-22T16:18:27.515-0300][gc,marking    ] GC(5) Concurrent Preclean 0.131ms
[2020-03-22T16:18:27.515-0300][gc,marking    ] GC(5) Concurrent Mark (2.986s, 3.041s) 54.690ms
[2020-03-22T16:18:27.515-0300][gc,start      ] GC(5) Pause Remark
[2020-03-22T16:18:27.521-0300][gc,stringtable] GC(5) Cleaned string and symbol table, strings: 14750 processed, 6 removed, symbols: 78800 processed, 28 removed
[2020-03-22T16:18:27.522-0300][gc            ] GC(5) Pause Remark 144M->144M(1024M) 6.259ms
[2020-03-22T16:18:27.522-0300][gc,cpu        ] GC(5) User=0.01s Sys=0.00s Real=0.01s
[2020-03-22T16:18:27.522-0300][gc,marking    ] GC(5) Concurrent Rebuild Remembered Sets
[2020-03-22T16:18:27.535-0300][gc,marking    ] GC(5) Concurrent Rebuild Remembered Sets 13.631ms
[2020-03-22T16:18:27.535-0300][gc,start      ] GC(5) Pause Cleanup
[2020-03-22T16:18:27.536-0300][gc            ] GC(5) Pause Cleanup 144M->144M(1024M) 0.232ms
[2020-03-22T16:18:27.536-0300][gc,cpu        ] GC(5) User=0.00s Sys=0.00s Real=0.00s
[2020-03-22T16:18:27.536-0300][gc,marking    ] GC(5) Concurrent Cleanup for Next Mark
[2020-03-22T16:18:27.545-0300][gc,marking    ] GC(5) Concurrent Cleanup for Next Mark 9.148ms
[2020-03-22T16:18:27.545-0300][gc            ] GC(5) Concurrent Cycle 86.093ms
[2020-03-22T16:19:41.607-0300][gc,start      ] GC(6) Pause Young (Concurrent Start) (G1 Evacuation Pause)
[2020-03-22T16:19:41.607-0300][gc,task       ] GC(6) Using 4 workers of 4 for evacuation
[2020-03-22T16:19:41.620-0300][gc,phases     ] GC(6)   Pre Evacuate Collection Set: 0.2ms
[2020-03-22T16:19:41.620-0300][gc,phases     ] GC(6)   Evacuate Collection Set: 11.1ms
[2020-03-22T16:19:41.620-0300][gc,phases     ] GC(6)   Post Evacuate Collection Set: 0.5ms
[2020-03-22T16:19:41.620-0300][gc,phases     ] GC(6)   Other: 0.3ms
[2020-03-22T16:19:41.620-0300][gc,heap       ] GC(6) Eden regions: 49->0(47)
[2020-03-22T16:19:41.620-0300][gc,heap       ] GC(6) Survivor regions: 2->4(7)
[2020-03-22T16:19:41.620-0300][gc,heap       ] GC(6) Old regions: 12->12
[2020-03-22T16:19:41.620-0300][gc,heap       ] GC(6) Humongous regions: 129->129
[2020-03-22T16:19:41.620-0300][gc,metaspace  ] GC(6) Metaspace: 39009K->39009K(1083392K)
[2020-03-22T16:19:41.620-0300][gc            ] GC(6) Pause Young (Concurrent Start) (G1 Evacuation Pause) 190M->143M(1024M) 12.215ms
[2020-03-22T16:19:41.620-0300][gc,cpu        ] GC(6) User=0.03s Sys=0.00s Real=0.01s
[2020-03-22T16:19:41.620-0300][gc            ] GC(7) Concurrent Cycle
[2020-03-22T16:19:41.620-0300][gc,marking    ] GC(7) Concurrent Clear Claimed Marks
[2020-03-22T16:19:41.620-0300][gc,marking    ] GC(7) Concurrent Clear Claimed Marks 0.178ms
[2020-03-22T16:19:41.620-0300][gc,marking    ] GC(7) Concurrent Scan Root Regions
[2020-03-22T16:19:41.625-0300][gc,marking    ] GC(7) Concurrent Scan Root Regions 4.973ms
[2020-03-22T16:19:41.625-0300][gc,marking    ] GC(7) Concurrent Mark (77.151s)
[2020-03-22T16:19:41.625-0300][gc,marking    ] GC(7) Concurrent Mark From Roots
[2020-03-22T16:19:41.625-0300][gc,task       ] GC(7) Using 1 workers of 1 for marking
[2020-03-22T16:19:41.638-0300][gc,marking    ] GC(7) Concurrent Mark From Roots 13.273ms
[2020-03-22T16:19:41.638-0300][gc,marking    ] GC(7) Concurrent Preclean
[2020-03-22T16:19:41.638-0300][gc,marking    ] GC(7) Concurrent Preclean 0.079ms
[2020-03-22T16:19:41.638-0300][gc,marking    ] GC(7) Concurrent Mark (77.151s, 77.164s) 13.398ms
[2020-03-22T16:19:41.639-0300][gc,start      ] GC(7) Pause Remark
[2020-03-22T16:19:41.642-0300][gc,stringtable] GC(7) Cleaned string and symbol table, strings: 16313 processed, 7 removed, symbols: 81413 processed, 1 removed
[2020-03-22T16:19:41.642-0300][gc            ] GC(7) Pause Remark 144M->144M(1024M) 3.706ms
[2020-03-22T16:19:41.642-0300][gc,cpu        ] GC(7) User=0.01s Sys=0.00s Real=0.00s
[2020-03-22T16:19:41.642-0300][gc,marking    ] GC(7) Concurrent Rebuild Remembered Sets
[2020-03-22T16:19:41.650-0300][gc,marking    ] GC(7) Concurrent Rebuild Remembered Sets 7.738ms
[2020-03-22T16:19:41.650-0300][gc,start      ] GC(7) Pause Cleanup
[2020-03-22T16:19:41.650-0300][gc            ] GC(7) Pause Cleanup 144M->144M(1024M) 0.138ms
[2020-03-22T16:19:41.650-0300][gc,cpu        ] GC(7) User=0.00s Sys=0.00s Real=0.00s
[2020-03-22T16:19:41.650-0300][gc,marking    ] GC(7) Concurrent Cleanup for Next Mark
[2020-03-22T16:19:41.651-0300][gc,marking    ] GC(7) Concurrent Cleanup for Next Mark 1.025ms
[2020-03-22T16:19:41.652-0300][gc            ] GC(7) Concurrent Cycle 31.673ms
[2020-03-22T16:27:37.808-0300][gc,start      ] GC(8) Pause Young (Normal) (G1 Evacuation Pause)
[2020-03-22T16:27:37.808-0300][gc,task       ] GC(8) Using 4 workers of 4 for evacuation
[2020-03-22T16:27:37.835-0300][gc,mmu        ] GC(8) MMU target violated: 21.0ms (20.0ms/21.0ms)
[2020-03-22T16:27:37.835-0300][gc,phases     ] GC(8)   Pre Evacuate Collection Set: 0.1ms
[2020-03-22T16:27:37.835-0300][gc,phases     ] GC(8)   Evacuate Collection Set: 25.9ms
[2020-03-22T16:27:37.835-0300][gc,phases     ] GC(8)   Post Evacuate Collection Set: 1.4ms
[2020-03-22T16:27:37.835-0300][gc,phases     ] GC(8)   Other: 0.6ms
[2020-03-22T16:27:37.835-0300][gc,heap       ] GC(8) Eden regions: 47->0(46)
[2020-03-22T16:27:37.836-0300][gc,heap       ] GC(8) Survivor regions: 4->5(7)
[2020-03-22T16:27:37.836-0300][gc,heap       ] GC(8) Old regions: 12->12
[2020-03-22T16:27:37.836-0300][gc,heap       ] GC(8) Humongous regions: 129->129
[2020-03-22T16:27:37.836-0300][gc,metaspace  ] GC(8) Metaspace: 39836K->39836K(1085440K)
[2020-03-22T16:27:37.836-0300][gc            ] GC(8) Pause Young (Normal) (G1 Evacuation Pause) 190M->145M(1024M) 28.076ms
[2020-03-22T16:27:37.836-0300][gc,cpu        ] GC(8) User=0.09s Sys=0.00s Real=0.02s
[2020-03-22T16:36:13.597-0300][gc,start      ] GC(9) Pause Young (Normal) (G1 Evacuation Pause)
[2020-03-22T16:36:13.597-0300][gc,task       ] GC(9) Using 4 workers of 4 for evacuation
[2020-03-22T16:36:13.607-0300][gc,phases     ] GC(9)   Pre Evacuate Collection Set: 0.1ms
[2020-03-22T16:36:13.607-0300][gc,phases     ] GC(9)   Evacuate Collection Set: 9.1ms
[2020-03-22T16:36:13.607-0300][gc,phases     ] GC(9)   Post Evacuate Collection Set: 0.5ms
[2020-03-22T16:36:13.607-0300][gc,phases     ] GC(9)   Other: 0.5ms
[2020-03-22T16:36:13.607-0300][gc,heap       ] GC(9) Eden regions: 46->0(48)
[2020-03-22T16:36:13.607-0300][gc,heap       ] GC(9) Survivor regions: 5->3(7)
[2020-03-22T16:36:13.607-0300][gc,heap       ] GC(9) Old regions: 12->15
[2020-03-22T16:36:13.607-0300][gc,heap       ] GC(9) Humongous regions: 129->129
[2020-03-22T16:36:13.607-0300][gc,metaspace  ] GC(9) Metaspace: 40076K->40076K(1085440K)
[2020-03-22T16:36:13.607-0300][gc            ] GC(9) Pause Young (Normal) (G1 Evacuation Pause) 191M->145M(1024M) 10.130ms
[2020-03-22T16:36:13.607-0300][gc,cpu        ] GC(9) User=0.03s Sys=0.00s Real=0.02s
