[2020-03-30T20:42:49.966-0300][gc,heap] Heap region size: 1M
[2020-03-30T20:42:49.983-0300][gc     ] Using G1
[2020-03-30T20:42:49.983-0300][gc,heap,coops] Heap address: 0x00000000c0000000, size: 1024 MB, Compressed Oops mode: 32-bit
[2020-03-30T20:42:51.065-0300][gc,start     ] GC(0) Pause Young (Normal) (G1 Evacuation Pause)
[2020-03-30T20:42:51.065-0300][gc,task      ] GC(0) Using 4 workers of 4 for evacuation
[2020-03-30T20:42:51.071-0300][gc,phases    ] GC(0)   Pre Evacuate Collection Set: 0.0ms
[2020-03-30T20:42:51.071-0300][gc,phases    ] GC(0)   Evacuate Collection Set: 4.9ms
[2020-03-30T20:42:51.071-0300][gc,phases    ] GC(0)   Post Evacuate Collection Set: 0.4ms
[2020-03-30T20:42:51.071-0300][gc,phases    ] GC(0)   Other: 0.4ms
[2020-03-30T20:42:51.071-0300][gc,heap      ] GC(0) Eden regions: 51->0(44)
[2020-03-30T20:42:51.071-0300][gc,heap      ] GC(0) Survivor regions: 0->7(7)
[2020-03-30T20:42:51.071-0300][gc,heap      ] GC(0) Old regions: 0->0
[2020-03-30T20:42:51.071-0300][gc,heap      ] GC(0) Humongous regions: 0->0
[2020-03-30T20:42:51.071-0300][gc,metaspace ] GC(0) Metaspace: 15889K->15889K(1062912K)
[2020-03-30T20:42:51.071-0300][gc           ] GC(0) Pause Young (Normal) (G1 Evacuation Pause) 51M->6M(1024M) 5.761ms
[2020-03-30T20:42:51.071-0300][gc,cpu       ] GC(0) User=0.02s Sys=0.00s Real=0.00s
[2020-03-30T20:42:51.341-0300][gc,start     ] GC(1) Pause Young (Concurrent Start) (Metadata GC Threshold)
[2020-03-30T20:42:51.341-0300][gc,task      ] GC(1) Using 4 workers of 4 for evacuation
[2020-03-30T20:42:51.348-0300][gc,phases    ] GC(1)   Pre Evacuate Collection Set: 0.0ms
[2020-03-30T20:42:51.348-0300][gc,phases    ] GC(1)   Evacuate Collection Set: 7.1ms
[2020-03-30T20:42:51.348-0300][gc,phases    ] GC(1)   Post Evacuate Collection Set: 0.3ms
[2020-03-30T20:42:51.348-0300][gc,phases    ] GC(1)   Other: 0.2ms
[2020-03-30T20:42:51.348-0300][gc,heap      ] GC(1) Eden regions: 19->0(50)
[2020-03-30T20:42:51.348-0300][gc,heap      ] GC(1) Survivor regions: 7->1(7)
[2020-03-30T20:42:51.348-0300][gc,heap      ] GC(1) Old regions: 0->7
[2020-03-30T20:42:51.348-0300][gc,heap      ] GC(1) Humongous regions: 0->0
[2020-03-30T20:42:51.348-0300][gc,metaspace ] GC(1) Metaspace: 20571K->20571K(1067008K)
[2020-03-30T20:42:51.348-0300][gc           ] GC(1) Pause Young (Concurrent Start) (Metadata GC Threshold) 25M->7M(1024M) 7.731ms
[2020-03-30T20:42:51.348-0300][gc,cpu       ] GC(1) User=0.01s Sys=0.00s Real=0.01s
[2020-03-30T20:42:51.348-0300][gc           ] GC(2) Concurrent Cycle
[2020-03-30T20:42:51.348-0300][gc,marking   ] GC(2) Concurrent Clear Claimed Marks
[2020-03-30T20:42:51.348-0300][gc,marking   ] GC(2) Concurrent Clear Claimed Marks 0.023ms
[2020-03-30T20:42:51.348-0300][gc,marking   ] GC(2) Concurrent Scan Root Regions
[2020-03-30T20:42:51.349-0300][gc,marking   ] GC(2) Concurrent Scan Root Regions 0.728ms
[2020-03-30T20:42:51.349-0300][gc,marking   ] GC(2) Concurrent Mark (1.389s)
[2020-03-30T20:42:51.349-0300][gc,marking   ] GC(2) Concurrent Mark From Roots
[2020-03-30T20:42:51.349-0300][gc,task      ] GC(2) Using 1 workers of 1 for marking
[2020-03-30T20:42:51.357-0300][gc,marking   ] GC(2) Concurrent Mark From Roots 8.103ms
[2020-03-30T20:42:51.357-0300][gc,marking   ] GC(2) Concurrent Preclean
[2020-03-30T20:42:51.357-0300][gc,marking   ] GC(2) Concurrent Preclean 0.087ms
[2020-03-30T20:42:51.357-0300][gc,marking   ] GC(2) Concurrent Mark (1.389s, 1.397s) 8.227ms
[2020-03-30T20:42:51.357-0300][gc,start     ] GC(2) Pause Remark
[2020-03-30T20:42:51.359-0300][gc,stringtable] GC(2) Cleaned string and symbol table, strings: 9191 processed, 0 removed, symbols: 50937 processed, 55 removed
[2020-03-30T20:42:51.359-0300][gc            ] GC(2) Pause Remark 8M->8M(1024M) 2.002ms
[2020-03-30T20:42:51.359-0300][gc,cpu        ] GC(2) User=0.00s Sys=0.00s Real=0.00s
[2020-03-30T20:42:51.359-0300][gc,marking    ] GC(2) Concurrent Rebuild Remembered Sets
[2020-03-30T20:42:51.365-0300][gc,marking    ] GC(2) Concurrent Rebuild Remembered Sets 5.425ms
[2020-03-30T20:42:51.365-0300][gc,start      ] GC(2) Pause Cleanup
[2020-03-30T20:42:51.365-0300][gc            ] GC(2) Pause Cleanup 8M->8M(1024M) 0.175ms
[2020-03-30T20:42:51.365-0300][gc,cpu        ] GC(2) User=0.00s Sys=0.00s Real=0.00s
[2020-03-30T20:42:51.365-0300][gc,marking    ] GC(2) Concurrent Cleanup for Next Mark
[2020-03-30T20:42:51.372-0300][gc,marking    ] GC(2) Concurrent Cleanup for Next Mark 7.135ms
[2020-03-30T20:42:51.372-0300][gc            ] GC(2) Concurrent Cycle 24.101ms
[2020-03-30T20:42:52.378-0300][gc,start      ] GC(3) Pause Young (Normal) (G1 Evacuation Pause)
[2020-03-30T20:42:52.378-0300][gc,task       ] GC(3) Using 4 workers of 4 for evacuation
[2020-03-30T20:42:52.382-0300][gc,phases     ] GC(3)   Pre Evacuate Collection Set: 0.0ms
[2020-03-30T20:42:52.382-0300][gc,phases     ] GC(3)   Evacuate Collection Set: 4.1ms
[2020-03-30T20:42:52.382-0300][gc,phases     ] GC(3)   Post Evacuate Collection Set: 0.4ms
[2020-03-30T20:42:52.382-0300][gc,phases     ] GC(3)   Other: 0.1ms
[2020-03-30T20:42:52.382-0300][gc,heap       ] GC(3) Eden regions: 50->0(46)
[2020-03-30T20:42:52.382-0300][gc,heap       ] GC(3) Survivor regions: 1->5(7)
[2020-03-30T20:42:52.382-0300][gc,heap       ] GC(3) Old regions: 7->7
[2020-03-30T20:42:52.382-0300][gc,heap       ] GC(3) Humongous regions: 129->129
[2020-03-30T20:42:52.382-0300][gc,metaspace  ] GC(3) Metaspace: 28486K->28486K(1075200K)
[2020-03-30T20:42:52.382-0300][gc            ] GC(3) Pause Young (Normal) (G1 Evacuation Pause) 186M->140M(1024M) 4.709ms
[2020-03-30T20:42:52.382-0300][gc,cpu        ] GC(3) User=0.02s Sys=0.00s Real=0.01s
[2020-03-30T20:42:52.765-0300][gc,start      ] GC(4) Pause Young (Concurrent Start) (Metadata GC Threshold)
[2020-03-30T20:42:52.765-0300][gc,task       ] GC(4) Using 4 workers of 4 for evacuation
[2020-03-30T20:42:52.777-0300][gc,phases     ] GC(4)   Pre Evacuate Collection Set: 0.1ms
[2020-03-30T20:42:52.777-0300][gc,phases     ] GC(4)   Evacuate Collection Set: 11.4ms
[2020-03-30T20:42:52.777-0300][gc,phases     ] GC(4)   Post Evacuate Collection Set: 0.4ms
[2020-03-30T20:42:52.777-0300][gc,phases     ] GC(4)   Other: 0.2ms
[2020-03-30T20:42:52.777-0300][gc,heap       ] GC(4) Eden regions: 28->0(49)
[2020-03-30T20:42:52.777-0300][gc,heap       ] GC(4) Survivor regions: 5->2(7)
[2020-03-30T20:42:52.777-0300][gc,heap       ] GC(4) Old regions: 7->12
[2020-03-30T20:42:52.777-0300][gc,heap       ] GC(4) Humongous regions: 129->129
[2020-03-30T20:42:52.777-0300][gc,metaspace  ] GC(4) Metaspace: 34313K->34313K(1079296K)
[2020-03-30T20:42:52.777-0300][gc            ] GC(4) Pause Young (Concurrent Start) (Metadata GC Threshold) 168M->142M(1024M) 12.106ms
[2020-03-30T20:42:52.777-0300][gc,cpu        ] GC(4) User=0.03s Sys=0.00s Real=0.01s
[2020-03-30T20:42:52.777-0300][gc            ] GC(5) Concurrent Cycle
[2020-03-30T20:42:52.777-0300][gc,marking    ] GC(5) Concurrent Clear Claimed Marks
[2020-03-30T20:42:52.777-0300][gc,marking    ] GC(5) Concurrent Clear Claimed Marks 0.100ms
[2020-03-30T20:42:52.777-0300][gc,marking    ] GC(5) Concurrent Scan Root Regions
[2020-03-30T20:42:52.779-0300][gc,marking    ] GC(5) Concurrent Scan Root Regions 2.324ms
[2020-03-30T20:42:52.779-0300][gc,marking    ] GC(5) Concurrent Mark (2.820s)
[2020-03-30T20:42:52.779-0300][gc,marking    ] GC(5) Concurrent Mark From Roots
[2020-03-30T20:42:52.779-0300][gc,task       ] GC(5) Using 1 workers of 1 for marking
[2020-03-30T20:42:52.804-0300][gc,marking    ] GC(5) Concurrent Mark From Roots 25.041ms
[2020-03-30T20:42:52.805-0300][gc,marking    ] GC(5) Concurrent Preclean
[2020-03-30T20:42:52.805-0300][gc,marking    ] GC(5) Concurrent Preclean 0.187ms
[2020-03-30T20:42:52.805-0300][gc,marking    ] GC(5) Concurrent Mark (2.820s, 2.845s) 25.341ms
[2020-03-30T20:42:52.805-0300][gc,start      ] GC(5) Pause Remark
[2020-03-30T20:42:52.809-0300][gc,stringtable] GC(5) Cleaned string and symbol table, strings: 15321 processed, 9 removed, symbols: 78507 processed, 27 removed
[2020-03-30T20:42:52.809-0300][gc            ] GC(5) Pause Remark 144M->144M(1024M) 4.540ms
[2020-03-30T20:42:52.809-0300][gc,cpu        ] GC(5) User=0.02s Sys=0.00s Real=0.00s
[2020-03-30T20:42:52.810-0300][gc,marking    ] GC(5) Concurrent Rebuild Remembered Sets
[2020-03-30T20:42:52.822-0300][gc,marking    ] GC(5) Concurrent Rebuild Remembered Sets 12.813ms
[2020-03-30T20:42:52.822-0300][gc,start      ] GC(5) Pause Cleanup
[2020-03-30T20:42:52.823-0300][gc            ] GC(5) Pause Cleanup 144M->144M(1024M) 0.215ms
[2020-03-30T20:42:52.823-0300][gc,cpu        ] GC(5) User=0.00s Sys=0.00s Real=0.00s
[2020-03-30T20:42:52.823-0300][gc,marking    ] GC(5) Concurrent Cleanup for Next Mark
[2020-03-30T20:42:52.831-0300][gc,marking    ] GC(5) Concurrent Cleanup for Next Mark 8.724ms
[2020-03-30T20:42:52.832-0300][gc            ] GC(5) Concurrent Cycle 54.585ms
[2020-03-30T20:46:13.453-0300][gc,start      ] GC(6) Pause Young (Normal) (G1 Evacuation Pause)
[2020-03-30T20:46:13.453-0300][gc,task       ] GC(6) Using 4 workers of 4 for evacuation
[2020-03-30T20:46:13.496-0300][gc,mmu        ] GC(6) MMU target violated: 21.0ms (20.0ms/21.0ms)
[2020-03-30T20:46:13.496-0300][gc,phases     ] GC(6)   Pre Evacuate Collection Set: 0.0ms
[2020-03-30T20:46:13.496-0300][gc,phases     ] GC(6)   Evacuate Collection Set: 41.4ms
[2020-03-30T20:46:13.496-0300][gc,phases     ] GC(6)   Post Evacuate Collection Set: 1.1ms
[2020-03-30T20:46:13.496-0300][gc,phases     ] GC(6)   Other: 0.5ms
[2020-03-30T20:46:13.496-0300][gc,heap       ] GC(6) Eden regions: 49->0(47)
[2020-03-30T20:46:13.496-0300][gc,heap       ] GC(6) Survivor regions: 2->4(7)
[2020-03-30T20:46:13.496-0300][gc,heap       ] GC(6) Old regions: 12->12
[2020-03-30T20:46:13.496-0300][gc,heap       ] GC(6) Humongous regions: 141->129
[2020-03-30T20:46:13.496-0300][gc,metaspace  ] GC(6) Metaspace: 39388K->39388K(1085440K)
[2020-03-30T20:46:13.496-0300][gc            ] GC(6) Pause Young (Normal) (G1 Evacuation Pause) 203M->144M(1024M) 43.350ms
[2020-03-30T20:46:13.496-0300][gc,cpu        ] GC(6) User=0.03s Sys=0.00s Real=0.04s
[2020-03-30T20:51:26.998-0300][gc,start      ] GC(7) Pause Young (Normal) (G1 Evacuation Pause)
[2020-03-30T20:51:26.998-0300][gc,task       ] GC(7) Using 4 workers of 4 for evacuation
[2020-03-30T20:51:27.050-0300][gc,mmu        ] GC(7) MMU target violated: 21.0ms (20.0ms/21.0ms)
[2020-03-30T20:51:27.051-0300][gc,phases     ] GC(7)   Pre Evacuate Collection Set: 0.1ms
[2020-03-30T20:51:27.051-0300][gc,phases     ] GC(7)   Evacuate Collection Set: 48.5ms
[2020-03-30T20:51:27.051-0300][gc,phases     ] GC(7)   Post Evacuate Collection Set: 2.5ms
[2020-03-30T20:51:27.051-0300][gc,phases     ] GC(7)   Other: 1.4ms
[2020-03-30T20:51:27.051-0300][gc,heap       ] GC(7) Eden regions: 47->0(48)
[2020-03-30T20:51:27.051-0300][gc,heap       ] GC(7) Survivor regions: 4->3(7)
[2020-03-30T20:51:27.051-0300][gc,heap       ] GC(7) Old regions: 12->13
[2020-03-30T20:51:27.051-0300][gc,heap       ] GC(7) Humongous regions: 129->129
[2020-03-30T20:51:27.051-0300][gc,metaspace  ] GC(7) Metaspace: 39710K->39710K(1085440K)
[2020-03-30T20:51:27.051-0300][gc            ] GC(7) Pause Young (Normal) (G1 Evacuation Pause) 191M->144M(1024M) 52.918ms
[2020-03-30T20:51:27.051-0300][gc,cpu        ] GC(7) User=0.13s Sys=0.01s Real=0.05s
[2020-03-30T20:56:47.773-0300][gc,start      ] GC(8) Pause Young (Normal) (G1 Evacuation Pause)
[2020-03-30T20:56:47.773-0300][gc,task       ] GC(8) Using 4 workers of 4 for evacuation
[2020-03-30T20:56:47.800-0300][gc,mmu        ] GC(8) MMU target violated: 21.0ms (20.0ms/21.0ms)
[2020-03-30T20:56:47.800-0300][gc,phases     ] GC(8)   Pre Evacuate Collection Set: 0.0ms
[2020-03-30T20:56:47.800-0300][gc,phases     ] GC(8)   Evacuate Collection Set: 25.6ms
[2020-03-30T20:56:47.800-0300][gc,phases     ] GC(8)   Post Evacuate Collection Set: 1.1ms
[2020-03-30T20:56:47.800-0300][gc,phases     ] GC(8)   Other: 0.7ms
[2020-03-30T20:56:47.800-0300][gc,heap       ] GC(8) Eden regions: 48->0(46)
[2020-03-30T20:56:47.800-0300][gc,heap       ] GC(8) Survivor regions: 3->5(7)
[2020-03-30T20:56:47.800-0300][gc,heap       ] GC(8) Old regions: 13->13
[2020-03-30T20:56:47.800-0300][gc,heap       ] GC(8) Humongous regions: 129->129
[2020-03-30T20:56:47.800-0300][gc,metaspace  ] GC(8) Metaspace: 39942K->39942K(1085440K)
[2020-03-30T20:56:47.800-0300][gc            ] GC(8) Pause Young (Normal) (G1 Evacuation Pause) 192M->146M(1024M) 27.563ms
[2020-03-30T20:56:47.800-0300][gc,cpu        ] GC(8) User=0.10s Sys=0.00s Real=0.02s
[2020-03-30T21:00:42.480-0300][gc,heap,exit  ] Heap
[2020-03-30T21:00:42.480-0300][gc,heap,exit  ]  garbage-first heap   total 1048576K, used 195028K [0x00000000c0000000, 0x0000000100000000)
[2020-03-30T21:00:42.480-0300][gc,heap,exit  ]   region size 1024K, 50 young (51200K), 5 survivors (5120K)
[2020-03-30T21:00:42.480-0300][gc,heap,exit  ]  Metaspace       used 40874K, capacity 43604K, committed 43676K, reserved 1085440K
[2020-03-30T21:00:42.480-0300][gc,heap,exit  ]   class space    used 5684K, capacity 6960K, committed 6988K, reserved 1048576K
