[2020-03-22T14:49:47.354-0300][gc,heap] Heap region size: 1M
[2020-03-22T14:49:47.366-0300][gc     ] Using G1
[2020-03-22T14:49:47.366-0300][gc,heap,coops] Heap address: 0x00000000c0000000, size: 1024 MB, Compressed Oops mode: 32-bit
[2020-03-22T14:49:48.450-0300][gc,start     ] GC(0) Pause Young (Normal) (G1 Evacuation Pause)
[2020-03-22T14:49:48.450-0300][gc,task      ] GC(0) Using 4 workers of 4 for evacuation
[2020-03-22T14:49:48.455-0300][gc,phases    ] GC(0)   Pre Evacuate Collection Set: 0.0ms
[2020-03-22T14:49:48.455-0300][gc,phases    ] GC(0)   Evacuate Collection Set: 4.5ms
[2020-03-22T14:49:48.455-0300][gc,phases    ] GC(0)   Post Evacuate Collection Set: 0.5ms
[2020-03-22T14:49:48.455-0300][gc,phases    ] GC(0)   Other: 0.4ms
[2020-03-22T14:49:48.455-0300][gc,heap      ] GC(0) Eden regions: 51->0(44)
[2020-03-22T14:49:48.455-0300][gc,heap      ] GC(0) Survivor regions: 0->7(7)
[2020-03-22T14:49:48.455-0300][gc,heap      ] GC(0) Old regions: 0->0
[2020-03-22T14:49:48.455-0300][gc,heap      ] GC(0) Humongous regions: 0->0
[2020-03-22T14:49:48.455-0300][gc,metaspace ] GC(0) Metaspace: 15927K->15927K(1062912K)
[2020-03-22T14:49:48.456-0300][gc           ] GC(0) Pause Young (Normal) (G1 Evacuation Pause) 51M->6M(1024M) 5.382ms
[2020-03-22T14:49:48.456-0300][gc,cpu       ] GC(0) User=0.01s Sys=0.00s Real=0.00s
[2020-03-22T14:49:48.696-0300][gc,start     ] GC(1) Pause Young (Concurrent Start) (Metadata GC Threshold)
[2020-03-22T14:49:48.696-0300][gc,task      ] GC(1) Using 4 workers of 4 for evacuation
[2020-03-22T14:49:48.706-0300][gc,phases    ] GC(1)   Pre Evacuate Collection Set: 0.1ms
[2020-03-22T14:49:48.706-0300][gc,phases    ] GC(1)   Evacuate Collection Set: 10.3ms
[2020-03-22T14:49:48.706-0300][gc,phases    ] GC(1)   Post Evacuate Collection Set: 0.3ms
[2020-03-22T14:49:48.706-0300][gc,phases    ] GC(1)   Other: 0.2ms
[2020-03-22T14:49:48.706-0300][gc,heap      ] GC(1) Eden regions: 18->0(50)
[2020-03-22T14:49:48.706-0300][gc,heap      ] GC(1) Survivor regions: 7->1(7)
[2020-03-22T14:49:48.706-0300][gc,heap      ] GC(1) Old regions: 0->7
[2020-03-22T14:49:48.706-0300][gc,heap      ] GC(1) Humongous regions: 0->0
[2020-03-22T14:49:48.706-0300][gc,metaspace ] GC(1) Metaspace: 20354K->20354K(1067008K)
[2020-03-22T14:49:48.707-0300][gc           ] GC(1) Pause Young (Concurrent Start) (Metadata GC Threshold) 24M->7M(1024M) 10.995ms
[2020-03-22T14:49:48.707-0300][gc,cpu       ] GC(1) User=0.03s Sys=0.01s Real=0.02s
[2020-03-22T14:49:48.707-0300][gc           ] GC(2) Concurrent Cycle
[2020-03-22T14:49:48.707-0300][gc,marking   ] GC(2) Concurrent Clear Claimed Marks
[2020-03-22T14:49:48.707-0300][gc,marking   ] GC(2) Concurrent Clear Claimed Marks 0.024ms
[2020-03-22T14:49:48.707-0300][gc,marking   ] GC(2) Concurrent Scan Root Regions
[2020-03-22T14:49:48.707-0300][gc,marking   ] GC(2) Concurrent Scan Root Regions 0.781ms
[2020-03-22T14:49:48.707-0300][gc,marking   ] GC(2) Concurrent Mark (1.356s)
[2020-03-22T14:49:48.707-0300][gc,marking   ] GC(2) Concurrent Mark From Roots
[2020-03-22T14:49:48.707-0300][gc,task      ] GC(2) Using 1 workers of 1 for marking
[2020-03-22T14:49:48.718-0300][gc,marking   ] GC(2) Concurrent Mark From Roots 10.589ms
[2020-03-22T14:49:48.718-0300][gc,marking   ] GC(2) Concurrent Preclean
[2020-03-22T14:49:48.718-0300][gc,marking   ] GC(2) Concurrent Preclean 0.087ms
[2020-03-22T14:49:48.718-0300][gc,marking   ] GC(2) Concurrent Mark (1.356s, 1.367s) 10.716ms
[2020-03-22T14:49:48.718-0300][gc,start     ] GC(2) Pause Remark
[2020-03-22T14:49:48.720-0300][gc,stringtable] GC(2) Cleaned string and symbol table, strings: 9122 processed, 0 removed, symbols: 50149 processed, 55 removed
[2020-03-22T14:49:48.720-0300][gc            ] GC(2) Pause Remark 8M->8M(1024M) 1.891ms
[2020-03-22T14:49:48.720-0300][gc,cpu        ] GC(2) User=0.01s Sys=0.00s Real=0.00s
[2020-03-22T14:49:48.720-0300][gc,marking    ] GC(2) Concurrent Rebuild Remembered Sets
[2020-03-22T14:49:48.725-0300][gc,marking    ] GC(2) Concurrent Rebuild Remembered Sets 5.392ms
[2020-03-22T14:49:48.726-0300][gc,start      ] GC(2) Pause Cleanup
[2020-03-22T14:49:48.726-0300][gc            ] GC(2) Pause Cleanup 8M->8M(1024M) 0.203ms
[2020-03-22T14:49:48.726-0300][gc,cpu        ] GC(2) User=0.00s Sys=0.00s Real=0.00s
[2020-03-22T14:49:48.726-0300][gc,marking    ] GC(2) Concurrent Cleanup for Next Mark
[2020-03-22T14:49:48.733-0300][gc,marking    ] GC(2) Concurrent Cleanup for Next Mark 6.970ms
[2020-03-22T14:49:48.733-0300][gc            ] GC(2) Concurrent Cycle 26.295ms
[2020-03-22T14:49:49.468-0300][gc,start      ] GC(3) Pause Young (Normal) (G1 Evacuation Pause)
[2020-03-22T14:49:49.468-0300][gc,task       ] GC(3) Using 4 workers of 4 for evacuation
[2020-03-22T14:49:49.476-0300][gc,phases     ] GC(3)   Pre Evacuate Collection Set: 0.0ms
[2020-03-22T14:49:49.476-0300][gc,phases     ] GC(3)   Evacuate Collection Set: 7.3ms
[2020-03-22T14:49:49.476-0300][gc,phases     ] GC(3)   Post Evacuate Collection Set: 0.3ms
[2020-03-22T14:49:49.476-0300][gc,phases     ] GC(3)   Other: 0.2ms
[2020-03-22T14:49:49.476-0300][gc,heap       ] GC(3) Eden regions: 50->0(46)
[2020-03-22T14:49:49.476-0300][gc,heap       ] GC(3) Survivor regions: 1->5(7)
[2020-03-22T14:49:49.476-0300][gc,heap       ] GC(3) Old regions: 7->7
[2020-03-22T14:49:49.476-0300][gc,heap       ] GC(3) Humongous regions: 129->129
[2020-03-22T14:49:49.476-0300][gc,metaspace  ] GC(3) Metaspace: 29970K->29970K(1075200K)
[2020-03-22T14:49:49.476-0300][gc            ] GC(3) Pause Young (Normal) (G1 Evacuation Pause) 186M->140M(1024M) 7.966ms
[2020-03-22T14:49:49.476-0300][gc,cpu        ] GC(3) User=0.02s Sys=0.00s Real=0.00s
[2020-03-22T14:49:49.748-0300][gc,start      ] GC(4) Pause Young (Concurrent Start) (Metadata GC Threshold)
[2020-03-22T14:49:49.748-0300][gc,task       ] GC(4) Using 4 workers of 4 for evacuation
[2020-03-22T14:49:49.757-0300][gc,phases     ] GC(4)   Pre Evacuate Collection Set: 0.1ms
[2020-03-22T14:49:49.757-0300][gc,phases     ] GC(4)   Evacuate Collection Set: 8.6ms
[2020-03-22T14:49:49.757-0300][gc,phases     ] GC(4)   Post Evacuate Collection Set: 0.4ms
[2020-03-22T14:49:49.757-0300][gc,phases     ] GC(4)   Other: 0.2ms
[2020-03-22T14:49:49.757-0300][gc,heap       ] GC(4) Eden regions: 19->0(49)
[2020-03-22T14:49:49.757-0300][gc,heap       ] GC(4) Survivor regions: 5->2(7)
[2020-03-22T14:49:49.757-0300][gc,heap       ] GC(4) Old regions: 7->12
[2020-03-22T14:49:49.757-0300][gc,heap       ] GC(4) Humongous regions: 129->129
[2020-03-22T14:49:49.757-0300][gc,metaspace  ] GC(4) Metaspace: 33984K->33984K(1079296K)
[2020-03-22T14:49:49.757-0300][gc            ] GC(4) Pause Young (Concurrent Start) (Metadata GC Threshold) 159M->141M(1024M) 9.400ms
[2020-03-22T14:49:49.757-0300][gc,cpu        ] GC(4) User=0.02s Sys=0.00s Real=0.00s
[2020-03-22T14:49:49.757-0300][gc            ] GC(5) Concurrent Cycle
[2020-03-22T14:49:49.757-0300][gc,marking    ] GC(5) Concurrent Clear Claimed Marks
[2020-03-22T14:49:49.757-0300][gc,marking    ] GC(5) Concurrent Clear Claimed Marks 0.081ms
[2020-03-22T14:49:49.757-0300][gc,marking    ] GC(5) Concurrent Scan Root Regions
[2020-03-22T14:49:49.759-0300][gc,marking    ] GC(5) Concurrent Scan Root Regions 1.383ms
[2020-03-22T14:49:49.759-0300][gc,marking    ] GC(5) Concurrent Mark (2.407s)
[2020-03-22T14:49:49.759-0300][gc,marking    ] GC(5) Concurrent Mark From Roots
[2020-03-22T14:49:49.759-0300][gc,task       ] GC(5) Using 1 workers of 1 for marking
[2020-03-22T14:49:49.783-0300][gc,marking    ] GC(5) Concurrent Mark From Roots 23.890ms
[2020-03-22T14:49:49.783-0300][gc,marking    ] GC(5) Concurrent Preclean
[2020-03-22T14:49:49.783-0300][gc,marking    ] GC(5) Concurrent Preclean 0.150ms
[2020-03-22T14:49:49.783-0300][gc,marking    ] GC(5) Concurrent Mark (2.407s, 2.431s) 24.105ms
[2020-03-22T14:49:49.783-0300][gc,start      ] GC(5) Pause Remark
[2020-03-22T14:49:49.789-0300][gc,stringtable] GC(5) Cleaned string and symbol table, strings: 14822 processed, 9 removed, symbols: 78421 processed, 26 removed
[2020-03-22T14:49:49.789-0300][gc            ] GC(5) Pause Remark 142M->142M(1024M) 6.551ms
[2020-03-22T14:49:49.789-0300][gc,cpu        ] GC(5) User=0.01s Sys=0.00s Real=0.01s
[2020-03-22T14:49:49.790-0300][gc,marking    ] GC(5) Concurrent Rebuild Remembered Sets
[2020-03-22T14:49:49.824-0300][gc,marking    ] GC(5) Concurrent Rebuild Remembered Sets 34.230ms
[2020-03-22T14:49:49.824-0300][gc,start      ] GC(5) Pause Cleanup
[2020-03-22T14:49:49.824-0300][gc            ] GC(5) Pause Cleanup 142M->142M(1024M) 0.254ms
[2020-03-22T14:49:49.824-0300][gc,cpu        ] GC(5) User=0.00s Sys=0.00s Real=0.00s
[2020-03-22T14:49:49.824-0300][gc,marking    ] GC(5) Concurrent Cleanup for Next Mark
[2020-03-22T14:49:49.834-0300][gc,marking    ] GC(5) Concurrent Cleanup for Next Mark 9.473ms
[2020-03-22T14:49:49.834-0300][gc            ] GC(5) Concurrent Cycle 76.546ms
[2020-03-22T15:25:19.729-0300][gc,start      ] GC(6) Pause Young (Normal) (G1 Evacuation Pause)
[2020-03-22T15:25:19.729-0300][gc,task       ] GC(6) Using 4 workers of 4 for evacuation
[2020-03-22T15:25:19.736-0300][gc,phases     ] GC(6)   Pre Evacuate Collection Set: 0.0ms
[2020-03-22T15:25:19.736-0300][gc,phases     ] GC(6)   Evacuate Collection Set: 5.6ms
[2020-03-22T15:25:19.736-0300][gc,phases     ] GC(6)   Post Evacuate Collection Set: 1.1ms
[2020-03-22T15:25:19.736-0300][gc,phases     ] GC(6)   Other: 0.3ms
[2020-03-22T15:25:19.736-0300][gc,heap       ] GC(6) Eden regions: 49->0(49)
[2020-03-22T15:25:19.736-0300][gc,heap       ] GC(6) Survivor regions: 2->2(7)
[2020-03-22T15:25:19.736-0300][gc,heap       ] GC(6) Old regions: 12->12
[2020-03-22T15:25:19.736-0300][gc,heap       ] GC(6) Humongous regions: 129->129
[2020-03-22T15:25:19.736-0300][gc,metaspace  ] GC(6) Metaspace: 36693K->36693K(1081344K)
[2020-03-22T15:25:19.736-0300][gc            ] GC(6) Pause Young (Normal) (G1 Evacuation Pause) 190M->142M(1024M) 7.272ms
[2020-03-22T15:25:19.736-0300][gc,cpu        ] GC(6) User=0.02s Sys=0.00s Real=0.00s
