[2020-03-22T13:35:31.242-0300][gc,heap] Heap region size: 1M
[2020-03-22T13:35:31.248-0300][gc     ] Using G1
[2020-03-22T13:35:31.248-0300][gc,heap,coops] Heap address: 0x00000000c0000000, size: 1024 MB, Compressed Oops mode: 32-bit
[2020-03-22T13:35:32.364-0300][gc,start     ] GC(0) Pause Young (Normal) (G1 Evacuation Pause)
[2020-03-22T13:35:32.365-0300][gc,task      ] GC(0) Using 4 workers of 4 for evacuation
[2020-03-22T13:35:32.373-0300][gc,phases    ] GC(0)   Pre Evacuate Collection Set: 0.0ms
[2020-03-22T13:35:32.373-0300][gc,phases    ] GC(0)   Evacuate Collection Set: 7.2ms
[2020-03-22T13:35:32.373-0300][gc,phases    ] GC(0)   Post Evacuate Collection Set: 0.5ms
[2020-03-22T13:35:32.373-0300][gc,phases    ] GC(0)   Other: 0.4ms
[2020-03-22T13:35:32.373-0300][gc,heap      ] GC(0) Eden regions: 51->0(44)
[2020-03-22T13:35:32.373-0300][gc,heap      ] GC(0) Survivor regions: 0->7(7)
[2020-03-22T13:35:32.373-0300][gc,heap      ] GC(0) Old regions: 0->0
[2020-03-22T13:35:32.373-0300][gc,heap      ] GC(0) Humongous regions: 0->0
[2020-03-22T13:35:32.373-0300][gc,metaspace ] GC(0) Metaspace: 15934K->15934K(1062912K)
[2020-03-22T13:35:32.373-0300][gc           ] GC(0) Pause Young (Normal) (G1 Evacuation Pause) 51M->6M(1024M) 8.149ms
[2020-03-22T13:35:32.373-0300][gc,cpu       ] GC(0) User=0.02s Sys=0.00s Real=0.01s
[2020-03-22T13:35:32.665-0300][gc,start     ] GC(1) Pause Young (Concurrent Start) (Metadata GC Threshold)
[2020-03-22T13:35:32.665-0300][gc,task      ] GC(1) Using 4 workers of 4 for evacuation
[2020-03-22T13:35:32.680-0300][gc,phases    ] GC(1)   Pre Evacuate Collection Set: 0.1ms
[2020-03-22T13:35:32.680-0300][gc,phases    ] GC(1)   Evacuate Collection Set: 12.6ms
[2020-03-22T13:35:32.680-0300][gc,phases    ] GC(1)   Post Evacuate Collection Set: 1.4ms
[2020-03-22T13:35:32.680-0300][gc,phases    ] GC(1)   Other: 0.3ms
[2020-03-22T13:35:32.680-0300][gc,heap      ] GC(1) Eden regions: 18->0(49)
[2020-03-22T13:35:32.680-0300][gc,heap      ] GC(1) Survivor regions: 7->2(7)
[2020-03-22T13:35:32.680-0300][gc,heap      ] GC(1) Old regions: 0->7
[2020-03-22T13:35:32.680-0300][gc,heap      ] GC(1) Humongous regions: 0->0
[2020-03-22T13:35:32.680-0300][gc,metaspace ] GC(1) Metaspace: 20359K->20359K(1067008K)
[2020-03-22T13:35:32.680-0300][gc           ] GC(1) Pause Young (Concurrent Start) (Metadata GC Threshold) 24M->7M(1024M) 14.488ms
[2020-03-22T13:35:32.680-0300][gc,cpu       ] GC(1) User=0.03s Sys=0.01s Real=0.02s
[2020-03-22T13:35:32.680-0300][gc           ] GC(2) Concurrent Cycle
[2020-03-22T13:35:32.680-0300][gc,marking   ] GC(2) Concurrent Clear Claimed Marks
[2020-03-22T13:35:32.680-0300][gc,marking   ] GC(2) Concurrent Clear Claimed Marks 0.166ms
[2020-03-22T13:35:32.680-0300][gc,marking   ] GC(2) Concurrent Scan Root Regions
[2020-03-22T13:35:32.682-0300][gc,marking   ] GC(2) Concurrent Scan Root Regions 1.554ms
[2020-03-22T13:35:32.682-0300][gc,marking   ] GC(2) Concurrent Mark (1.443s)
[2020-03-22T13:35:32.682-0300][gc,marking   ] GC(2) Concurrent Mark From Roots
[2020-03-22T13:35:32.682-0300][gc,task      ] GC(2) Using 1 workers of 1 for marking
[2020-03-22T13:35:32.692-0300][gc,marking   ] GC(2) Concurrent Mark From Roots 10.358ms
[2020-03-22T13:35:32.692-0300][gc,marking   ] GC(2) Concurrent Preclean
[2020-03-22T13:35:32.692-0300][gc,marking   ] GC(2) Concurrent Preclean 0.095ms
[2020-03-22T13:35:32.692-0300][gc,marking   ] GC(2) Concurrent Mark (1.443s, 1.453s) 10.503ms
[2020-03-22T13:35:32.693-0300][gc,start     ] GC(2) Pause Remark
[2020-03-22T13:35:32.696-0300][gc,stringtable] GC(2) Cleaned string and symbol table, strings: 9135 processed, 0 removed, symbols: 50284 processed, 55 removed
[2020-03-22T13:35:32.696-0300][gc            ] GC(2) Pause Remark 8M->8M(1024M) 3.632ms
[2020-03-22T13:35:32.696-0300][gc,cpu        ] GC(2) User=0.01s Sys=0.00s Real=0.00s
[2020-03-22T13:35:32.696-0300][gc,marking    ] GC(2) Concurrent Rebuild Remembered Sets
[2020-03-22T13:35:32.703-0300][gc,marking    ] GC(2) Concurrent Rebuild Remembered Sets 6.537ms
[2020-03-22T13:35:32.703-0300][gc,start      ] GC(2) Pause Cleanup
[2020-03-22T13:35:32.703-0300][gc            ] GC(2) Pause Cleanup 8M->8M(1024M) 0.218ms
[2020-03-22T13:35:32.703-0300][gc,cpu        ] GC(2) User=0.00s Sys=0.00s Real=0.00s
[2020-03-22T13:35:32.703-0300][gc,marking    ] GC(2) Concurrent Cleanup for Next Mark
[2020-03-22T13:35:32.712-0300][gc,marking    ] GC(2) Concurrent Cleanup for Next Mark 8.972ms
[2020-03-22T13:35:32.712-0300][gc            ] GC(2) Concurrent Cycle 32.286ms
[2020-03-22T13:35:33.619-0300][gc,start      ] GC(3) Pause Young (Normal) (GCLocker Initiated GC)
[2020-03-22T13:35:33.619-0300][gc,task       ] GC(3) Using 4 workers of 4 for evacuation
[2020-03-22T13:35:33.625-0300][gc,phases     ] GC(3)   Pre Evacuate Collection Set: 0.0ms
[2020-03-22T13:35:33.625-0300][gc,phases     ] GC(3)   Evacuate Collection Set: 6.0ms
[2020-03-22T13:35:33.625-0300][gc,phases     ] GC(3)   Post Evacuate Collection Set: 0.4ms
[2020-03-22T13:35:33.625-0300][gc,phases     ] GC(3)   Other: 0.2ms
[2020-03-22T13:35:33.625-0300][gc,heap       ] GC(3) Eden regions: 49->0(46)
[2020-03-22T13:35:33.625-0300][gc,heap       ] GC(3) Survivor regions: 2->5(7)
[2020-03-22T13:35:33.625-0300][gc,heap       ] GC(3) Old regions: 7->7
[2020-03-22T13:35:33.625-0300][gc,heap       ] GC(3) Humongous regions: 129->129
[2020-03-22T13:35:33.625-0300][gc,metaspace  ] GC(3) Metaspace: 29773K->29773K(1075200K)
[2020-03-22T13:35:33.625-0300][gc            ] GC(3) Pause Young (Normal) (GCLocker Initiated GC) 185M->140M(1024M) 6.714ms
[2020-03-22T13:35:33.625-0300][gc,cpu        ] GC(3) User=0.02s Sys=0.00s Real=0.00s
[2020-03-22T13:35:33.941-0300][gc,start      ] GC(4) Pause Young (Concurrent Start) (Metadata GC Threshold)
[2020-03-22T13:35:33.941-0300][gc,task       ] GC(4) Using 4 workers of 4 for evacuation
[2020-03-22T13:35:33.956-0300][gc,phases     ] GC(4)   Pre Evacuate Collection Set: 0.1ms
[2020-03-22T13:35:33.956-0300][gc,phases     ] GC(4)   Evacuate Collection Set: 13.7ms
[2020-03-22T13:35:33.956-0300][gc,phases     ] GC(4)   Post Evacuate Collection Set: 0.4ms
[2020-03-22T13:35:33.956-0300][gc,phases     ] GC(4)   Other: 0.2ms
[2020-03-22T13:35:33.956-0300][gc,heap       ] GC(4) Eden regions: 19->0(49)
[2020-03-22T13:35:33.956-0300][gc,heap       ] GC(4) Survivor regions: 5->2(7)
[2020-03-22T13:35:33.956-0300][gc,heap       ] GC(4) Old regions: 7->12
[2020-03-22T13:35:33.956-0300][gc,heap       ] GC(4) Humongous regions: 129->129
[2020-03-22T13:35:33.956-0300][gc,metaspace  ] GC(4) Metaspace: 33917K->33917K(1079296K)
[2020-03-22T13:35:33.956-0300][gc            ] GC(4) Pause Young (Concurrent Start) (Metadata GC Threshold) 158M->141M(1024M) 14.446ms
[2020-03-22T13:35:33.956-0300][gc,cpu        ] GC(4) User=0.05s Sys=0.00s Real=0.01s
[2020-03-22T13:35:33.956-0300][gc            ] GC(5) Concurrent Cycle
[2020-03-22T13:35:33.956-0300][gc,marking    ] GC(5) Concurrent Clear Claimed Marks
[2020-03-22T13:35:33.956-0300][gc,marking    ] GC(5) Concurrent Clear Claimed Marks 0.117ms
[2020-03-22T13:35:33.956-0300][gc,marking    ] GC(5) Concurrent Scan Root Regions
[2020-03-22T13:35:33.957-0300][gc,marking    ] GC(5) Concurrent Scan Root Regions 1.525ms
[2020-03-22T13:35:33.957-0300][gc,marking    ] GC(5) Concurrent Mark (2.718s)
[2020-03-22T13:35:33.958-0300][gc,marking    ] GC(5) Concurrent Mark From Roots
[2020-03-22T13:35:33.958-0300][gc,task       ] GC(5) Using 1 workers of 1 for marking
[2020-03-22T13:35:33.986-0300][gc,marking    ] GC(5) Concurrent Mark From Roots 28.119ms
[2020-03-22T13:35:33.986-0300][gc,marking    ] GC(5) Concurrent Preclean
[2020-03-22T13:35:33.986-0300][gc,marking    ] GC(5) Concurrent Preclean 0.122ms
[2020-03-22T13:35:33.986-0300][gc,marking    ] GC(5) Concurrent Mark (2.718s, 2.746s) 28.294ms
[2020-03-22T13:35:33.986-0300][gc,start      ] GC(5) Pause Remark
[2020-03-22T13:35:33.990-0300][gc,stringtable] GC(5) Cleaned string and symbol table, strings: 14841 processed, 9 removed, symbols: 78336 processed, 27 removed
[2020-03-22T13:35:33.990-0300][gc            ] GC(5) Pause Remark 142M->142M(1024M) 3.822ms
[2020-03-22T13:35:33.990-0300][gc,cpu        ] GC(5) User=0.01s Sys=0.00s Real=0.01s
[2020-03-22T13:35:33.990-0300][gc,marking    ] GC(5) Concurrent Rebuild Remembered Sets
[2020-03-22T13:35:34.000-0300][gc,marking    ] GC(5) Concurrent Rebuild Remembered Sets 10.570ms
[2020-03-22T13:35:34.001-0300][gc,start      ] GC(5) Pause Cleanup
[2020-03-22T13:35:34.001-0300][gc            ] GC(5) Pause Cleanup 142M->142M(1024M) 0.129ms
[2020-03-22T13:35:34.001-0300][gc,cpu        ] GC(5) User=0.00s Sys=0.00s Real=0.00s
[2020-03-22T13:35:34.001-0300][gc,marking    ] GC(5) Concurrent Cleanup for Next Mark
[2020-03-22T13:35:34.008-0300][gc,marking    ] GC(5) Concurrent Cleanup for Next Mark 7.600ms
[2020-03-22T13:35:34.008-0300][gc            ] GC(5) Concurrent Cycle 52.578ms
[2020-03-22T14:22:50.467-0300][gc,start      ] GC(6) Pause Young (Normal) (G1 Evacuation Pause)
[2020-03-22T14:22:50.467-0300][gc,task       ] GC(6) Using 4 workers of 4 for evacuation
[2020-03-22T14:22:50.476-0300][gc,phases     ] GC(6)   Pre Evacuate Collection Set: 0.0ms
[2020-03-22T14:22:50.476-0300][gc,phases     ] GC(6)   Evacuate Collection Set: 7.2ms
[2020-03-22T14:22:50.476-0300][gc,phases     ] GC(6)   Post Evacuate Collection Set: 0.7ms
[2020-03-22T14:22:50.476-0300][gc,phases     ] GC(6)   Other: 0.4ms
[2020-03-22T14:22:50.476-0300][gc,heap       ] GC(6) Eden regions: 49->0(49)
[2020-03-22T14:22:50.476-0300][gc,heap       ] GC(6) Survivor regions: 2->2(7)
[2020-03-22T14:22:50.476-0300][gc,heap       ] GC(6) Old regions: 12->12
[2020-03-22T14:22:50.476-0300][gc,heap       ] GC(6) Humongous regions: 129->129
[2020-03-22T14:22:50.476-0300][gc,metaspace  ] GC(6) Metaspace: 34944K->34944K(1081344K)
[2020-03-22T14:22:50.476-0300][gc            ] GC(6) Pause Young (Normal) (G1 Evacuation Pause) 190M->141M(1024M) 8.434ms
[2020-03-22T14:22:50.476-0300][gc,cpu        ] GC(6) User=0.02s Sys=0.00s Real=0.00s
