[2020-03-19T08:36:52.937-0300][gc,heap] Heap region size: 1M
[2020-03-19T08:36:52.941-0300][gc     ] Using G1
[2020-03-19T08:36:52.941-0300][gc,heap,coops] Heap address: 0x00000000e0000000, size: 512 MB, Compressed Oops mode: 32-bit
[2020-03-19T08:37:27.870-0300][gc,start     ] GC(0) Pause Young (Normal) (G1 Evacuation Pause)
[2020-03-19T08:37:27.870-0300][gc,task      ] GC(0) Using 4 workers of 4 for evacuation
[2020-03-19T08:37:27.876-0300][gc,phases    ] GC(0)   Pre Evacuate Collection Set: 0.0ms
[2020-03-19T08:37:27.876-0300][gc,phases    ] GC(0)   Evacuate Collection Set: 5.2ms
[2020-03-19T08:37:27.876-0300][gc,phases    ] GC(0)   Post Evacuate Collection Set: 0.3ms
[2020-03-19T08:37:27.876-0300][gc,phases    ] GC(0)   Other: 0.3ms
[2020-03-19T08:37:27.876-0300][gc,heap      ] GC(0) Eden regions: 25->0(21)
[2020-03-19T08:37:27.876-0300][gc,heap      ] GC(0) Survivor regions: 0->4(4)
[2020-03-19T08:37:27.876-0300][gc,heap      ] GC(0) Old regions: 0->2
[2020-03-19T08:37:27.876-0300][gc,heap      ] GC(0) Humongous regions: 0->0
[2020-03-19T08:37:27.876-0300][gc,metaspace ] GC(0) Metaspace: 7563K->7563K(1056768K)
[2020-03-19T08:37:27.876-0300][gc           ] GC(0) Pause Young (Normal) (G1 Evacuation Pause) 25M->5M(512M) 5.908ms
[2020-03-19T08:37:27.876-0300][gc,cpu       ] GC(0) User=0.02s Sys=0.00s Real=0.01s
[2020-03-19T08:44:36.170-0300][gc,heap,exit ] Heap
[2020-03-19T08:44:36.170-0300][gc,heap,exit ]  garbage-first heap   total 524288K, used 10932K [0x00000000e0000000, 0x0000000100000000)
[2020-03-19T08:44:36.170-0300][gc,heap,exit ]   region size 1024K, 10 young (10240K), 4 survivors (4096K)
[2020-03-19T08:44:36.170-0300][gc,heap,exit ]  Metaspace       used 8034K, capacity 8372K, committed 8448K, reserved 1056768K
[2020-03-19T08:44:36.170-0300][gc,heap,exit ]   class space    used 893K, capacity 1004K, committed 1024K, reserved 1048576K
