[2020-03-30T20:42:30.490-0300][gc,heap] Heap region size: 1M
[2020-03-30T20:42:30.503-0300][gc     ] Using G1
[2020-03-30T20:42:30.503-0300][gc,heap,coops] Heap address: 0x00000000e0000000, size: 512 MB, Compressed Oops mode: 32-bit
[2020-03-30T20:42:50.967-0300][gc,start     ] GC(0) Pause Young (Normal) (G1 Evacuation Pause)
[2020-03-30T20:42:50.968-0300][gc,task      ] GC(0) Using 4 workers of 4 for evacuation
[2020-03-30T20:42:50.972-0300][gc,phases    ] GC(0)   Pre Evacuate Collection Set: 0.0ms
[2020-03-30T20:42:50.972-0300][gc,phases    ] GC(0)   Evacuate Collection Set: 4.0ms
[2020-03-30T20:42:50.972-0300][gc,phases    ] GC(0)   Post Evacuate Collection Set: 0.4ms
[2020-03-30T20:42:50.972-0300][gc,phases    ] GC(0)   Other: 0.4ms
[2020-03-30T20:42:50.972-0300][gc,heap      ] GC(0) Eden regions: 25->0(21)
[2020-03-30T20:42:50.972-0300][gc,heap      ] GC(0) Survivor regions: 0->4(4)
[2020-03-30T20:42:50.972-0300][gc,heap      ] GC(0) Old regions: 0->2
[2020-03-30T20:42:50.972-0300][gc,heap      ] GC(0) Humongous regions: 0->0
[2020-03-30T20:42:50.972-0300][gc,metaspace ] GC(0) Metaspace: 7585K->7585K(1056768K)
[2020-03-30T20:42:50.972-0300][gc           ] GC(0) Pause Young (Normal) (G1 Evacuation Pause) 25M->5M(512M) 4.864ms
[2020-03-30T20:42:50.972-0300][gc,cpu       ] GC(0) User=0.01s Sys=0.00s Real=0.00s
[2020-03-30T21:00:44.013-0300][gc,heap,exit ] Heap
[2020-03-30T21:00:44.014-0300][gc,heap,exit ]  garbage-first heap   total 524288K, used 12107K [0x00000000e0000000, 0x0000000100000000)
[2020-03-30T21:00:44.014-0300][gc,heap,exit ]   region size 1024K, 11 young (11264K), 4 survivors (4096K)
[2020-03-30T21:00:44.014-0300][gc,heap,exit ]  Metaspace       used 8231K, capacity 8564K, committed 8704K, reserved 1056768K
[2020-03-30T21:00:44.014-0300][gc,heap,exit ]   class space    used 892K, capacity 1004K, committed 1024K, reserved 1048576K
